Component: ARM Compiler 5.05 update 2 (build 169) Tool: armlink [4d0f33]

==============================================================================

Section Cross References

    application.o(i.main) refers to fsl_clock.o(i.CLOCK_AttachClk) for CLOCK_AttachClk
    application.o(i.main) refers to pin_mux.o(i.BOARD_InitPins) for BOARD_InitPins
    application.o(i.main) refers to clock_config.o(i.BOARD_BootClockRUN) for BOARD_BootClockRUN
    application.o(i.main) refers to board.o(i.BOARD_InitDebugConsole) for BOARD_InitDebugConsole
    application.o(i.main) refers to system_lpc54114_cm4.o(i.SystemCoreClockUpdate) for SystemCoreClockUpdate
    application.o(i.main) refers to fsl_debug_console.o(i.DbgConsole_Printf) for DbgConsole_Printf
    application.o(i.main) refers to application.o(i.CLOCK_EnableClock) for CLOCK_EnableClock
    application.o(i.main) refers to app_led.o(i.led_init) for led_init
    application.o(i.main) refers to app_key.o(i.key_init) for key_init
    application.o(i.main) refers to app_adc.o(i.adc_init) for adc_init
    application.o(i.main) refers to app_dmic.o(i.dmic_init) for dmic_init
    application.o(i.main) refers to app_spiflash.o(i.spiflash_init) for spiflash_init
    application.o(i.main) refers to app_led.o(i.led_on) for led_on
    application.o(i.main) refers to app_led.o(i.led_off) for led_off
    application.o(i.main) refers to app_pct2075.o(i.pct2075_i2c_init) for pct2075_i2c_init
    application.o(i.main) refers to app_wm8904.o(i.wm8904_i2s_init) for wm8904_i2s_init
    application.o(i.main) refers to app_usbdmsc.o(i.usbdmsc_init) for usbdmsc_init
    application.o(i.main) refers to app_adc.o(i.adc_read) for adc_read
    application.o(i.main) refers to app_key.o(i.key_value) for key_value
    application.o(i.main) refers to app_pct2075.o(i.pct2075_i2c_read) for pct2075_i2c_read
    application.o(i.main) refers to app_usbdmsc.o(i.usbdmsc_proc) for usbdmsc_proc
    application.o(i.main) refers to system_lpc54114_cm4.o(.data) for SystemCoreClock
    application.o(i.main) refers to app_interrupt.o(.data) for dwLedTime
    application.o(i.main) refers to application.o(.data) for fPCTValue
    app_led.o(i.led_init) refers to app_led.o(.constdata) for LED_GPIO_PORT
    app_led.o(i.led_off) refers to app_led.o(.constdata) for LED_GPIO_OFF
    app_led.o(i.led_on) refers to app_led.o(.constdata) for LED_GPIO_ON
    app_led.o(i.led_toggle) refers to app_led.o(.constdata) for LED_GPIO_PORT
    app_interrupt.o(i.ADC0_SEQA_IRQHandler) refers to fsl_adc.o(i.ADC_GetChannelConversionResult) for ADC_GetChannelConversionResult
    app_interrupt.o(i.ADC0_SEQA_IRQHandler) refers to app_adc.o(.data) for gAdcResultInfoPtr
    app_interrupt.o(i.SysTick_Handler) refers to app_led.o(i.led_toggle) for led_toggle
    app_interrupt.o(i.SysTick_Handler) refers to app_interrupt.o(.data) for dwSysTicks
    app_adc.o(i.adc_init) refers to app_adc.o(i.POWER_DisablePD) for POWER_DisablePD
    app_adc.o(i.adc_init) refers to fsl_adc.o(i.ADC_DoSelfCalibration) for ADC_DoSelfCalibration
    app_adc.o(i.adc_init) refers to fsl_adc.o(i.ADC_Init) for ADC_Init
    app_adc.o(i.adc_init) refers to fsl_adc.o(i.ADC_SetConvSeqAConfig) for ADC_SetConvSeqAConfig
    app_adc.o(i.adc_init) refers to app_adc.o(.data) for bADCSampleFlag
    app_adc.o(i.adc_read) refers to fsl_adc.o(i.ADC_GetChannelConversionResult) for ADC_GetChannelConversionResult
    app_adc.o(i.adc_read) refers to app_adc.o(.bss) for gAdcResultInfoStruct
    app_adc.o(.data) refers to app_adc.o(.bss) for gAdcResultInfoStruct
    app_key.o(i.key_init) refers to app_key.o(.constdata) for KEY_GPIO_PORT
    app_key.o(i.key_value) refers to app_key.o(.constdata) for KEY_GPIO_PORT
    app_dmic.o(i.DMIC0_HWVAD_Callback) refers to app_led.o(i.led_toggle) for led_toggle
    app_dmic.o(i.DMIC0_HWVAD_Callback) refers to app_dmic.o(i.DMIC_CtrlClrIntrHwvad) for DMIC_CtrlClrIntrHwvad
    app_dmic.o(i.DMIC_CtrlClrIntrHwvad) refers to fsl_common.o(i.__aeabi_assert) for __aeabi_assert
    app_dmic.o(i.dmic_init) refers to app_dmic.o(i.IOCON_PinMuxSet) for IOCON_PinMuxSet
    app_dmic.o(i.dmic_init) refers to fsl_clock.o(i.CLOCK_AttachClk) for CLOCK_AttachClk
    app_dmic.o(i.dmic_init) refers to fsl_clock.o(i.CLOCK_SetClkDiv) for CLOCK_SetClkDiv
    app_dmic.o(i.dmic_init) refers to fsl_dmic.o(i.DMIC_Init) for DMIC_Init
    app_dmic.o(i.dmic_init) refers to fsl_dmic.o(i.DMIC_ConfigIO) for DMIC_ConfigIO
    app_dmic.o(i.dmic_init) refers to fsl_dmic.o(i.DMIC_Use2fs) for DMIC_Use2fs
    app_dmic.o(i.dmic_init) refers to fsl_dmic.o(i.DMIC_SetOperationMode) for DMIC_SetOperationMode
    app_dmic.o(i.dmic_init) refers to fsl_dmic.o(i.DMIC_ConfigChannel) for DMIC_ConfigChannel
    app_dmic.o(i.dmic_init) refers to fsl_dmic.o(i.DMIC_FifoChannel) for DMIC_FifoChannel
    app_dmic.o(i.dmic_init) refers to fsl_common.o(i.__aeabi_assert) for __aeabi_assert
[...]
    __scatterload_rt2                        0x000000e9   Thumb Code    44  __scatter.o(!!!scatter)
    __scatterload_rt2_thumb_only             0x000000e9   Thumb Code     0  __scatter.o(!!!scatter)
    __scatterload_null                       0x000000f7   Thumb Code     0  __scatter.o(!!!scatter)
    __decompress                             0x0000011d   Thumb Code    90  __dczerorl2.o(!!dczerorl2)
    __decompress1                            0x0000011d   Thumb Code     0  __dczerorl2.o(!!dczerorl2)
    __scatterload_zeroinit                   0x00000179   Thumb Code    28  __scatter_zi.o(!!handler_zi)
    __rt_lib_init                            0x00000195   Thumb Code     0  libinit.o(.ARM.Collect$$libinit$$00000000)
    __rt_lib_init_fp_1                       0x00000197   Thumb Code     0  libinit2.o(.ARM.Collect$$libinit$$00000001)
    __rt_lib_init_alloca_1                   0x0000019b   Thumb Code     0  libinit2.o(.ARM.Collect$$libinit$$0000002E)
    __rt_lib_init_argv_1                     0x0000019b   Thumb Code     0  libinit2.o(.ARM.Collect$$libinit$$0000002C)
    __rt_lib_init_atexit_1                   0x0000019b   Thumb Code     0  libinit2.o(.ARM.Collect$$libinit$$0000001B)
    __rt_lib_init_clock_1                    0x0000019b   Thumb Code     0  libinit2.o(.ARM.Collect$$libinit$$00000021)
    __rt_lib_init_cpp_1                      0x0000019b   Thumb Code     0  libinit2.o(.ARM.Collect$$libinit$$00000032)
    __rt_lib_init_exceptions_1               0x0000019b   Thumb Code     0  libinit2.o(.ARM.Collect$$libinit$$00000030)
    __rt_lib_init_fp_trap_1                  0x0000019b   Thumb Code     0  libinit2.o(.ARM.Collect$$libinit$$0000001F)
    __rt_lib_init_getenv_1                   0x0000019b   Thumb Code     0  libinit2.o(.ARM.Collect$$libinit$$00000023)
    __rt_lib_init_heap_1                     0x0000019b   Thumb Code     0  libinit2.o(.ARM.Collect$$libinit$$0000000A)
    __rt_lib_init_lc_collate_1               0x0000019b   Thumb Code     0  libinit2.o(.ARM.Collect$$libinit$$00000011)
    __rt_lib_init_lc_ctype_1                 0x0000019b   Thumb Code     0  libinit2.o(.ARM.Collect$$libinit$$00000013)
    __rt_lib_init_lc_monetary_1              0x0000019b   Thumb Code     0  libinit2.o(.ARM.Collect$$libinit$$00000015)
    __rt_lib_init_lc_numeric_1               0x0000019b   Thumb Code     0  libinit2.o(.ARM.Collect$$libinit$$00000017)
    __rt_lib_init_lc_time_1                  0x0000019b   Thumb Code     0  libinit2.o(.ARM.Collect$$libinit$$00000019)
    __rt_lib_init_preinit_1                  0x0000019b   Thumb Code     0  libinit2.o(.ARM.Collect$$libinit$$00000004)
    __rt_lib_init_rand_1                     0x0000019b   Thumb Code     0  libinit2.o(.ARM.Collect$$libinit$$0000000E)
    __rt_lib_init_return                     0x0000019b   Thumb Code     0  libinit2.o(.ARM.Collect$$libinit$$00000033)
    __rt_lib_init_signal_1                   0x0000019b   Thumb Code     0  libinit2.o(.ARM.Collect$$libinit$$0000001D)
    __rt_lib_init_stdio_1                    0x0000019b   Thumb Code     0  libinit2.o(.ARM.Collect$$libinit$$00000025)
    __rt_lib_init_user_alloc_1               0x0000019b   Thumb Code     0  libinit2.o(.ARM.Collect$$libinit$$0000000C)
    __rt_lib_shutdown                        0x0000019d   Thumb Code     0  libshutdown.o(.ARM.Collect$$libshutdown$$00000000)
    __rt_lib_shutdown_fp_trap_1              0x0000019f   Thumb Code     0  libshutdown2.o(.ARM.Collect$$libshutdown$$00000006)
    __rt_lib_shutdown_heap_1                 0x0000019f   Thumb Code     0  libshutdown2.o(.ARM.Collect$$libshutdown$$0000000E)
    __rt_lib_shutdown_return                 0x0000019f   Thumb Code     0  libshutdown2.o(.ARM.Collect$$libshutdown$$0000000F)
    __rt_lib_shutdown_signal_1               0x0000019f   Thumb Code     0  libshutdown2.o(.ARM.Collect$$libshutdown$$00000009)
    __rt_lib_shutdown_stdio_1                0x0000019f   Thumb Code     0  libshutdown2.o(.ARM.Collect$$libshutdown$$00000003)
    __rt_lib_shutdown_user_alloc_1           0x0000019f   Thumb Code     0  libshutdown2.o(.ARM.Collect$$libshutdown$$0000000B)
    __rt_entry                               0x000001a1   Thumb Code     0  __rtentry.o(.ARM.Collect$$rtentry$$00000000)
    __rt_entry_presh_1                       0x000001a1   Thumb Code     0  __rtentry2.o(.ARM.Collect$$rtentry$$00000002)
    __rt_entry_sh                            0x000001a1   Thumb Code     0  __rtentry7.o(.ARM.Collect$$rtentry$$00000007)
    __rt_entry_li                            0x000001a5   Thumb Code     0  __rtentry2.o(.ARM.Collect$$rtentry$$0000000A)
    __rt_entry_postsh_1                      0x000001a5   Thumb Code     0  __rtentry2.o(.ARM.Collect$$rtentry$$00000009)
    __rt_entry_main                          0x000001a9   Thumb Code     0  __rtentry2.o(.ARM.Collect$$rtentry$$0000000D)
    __rt_entry_postli_1                      0x000001a9   Thumb Code     0  __rtentry2.o(.ARM.Collect$$rtentry$$0000000C)
    __rt_exit                                0x000001b5   Thumb Code     0  rtexit.o(.ARM.Collect$$rtexit$$00000000)
    __rt_exit_ls                             0x000001b7   Thumb Code     0  rtexit2.o(.ARM.Collect$$rtexit$$00000003)
    __rt_exit_prels_1                        0x000001b7   Thumb Code     0  rtexit2.o(.ARM.Collect$$rtexit$$00000002)
    __rt_exit_exit                           0x000001bb   Thumb Code     0  rtexit2.o(.ARM.Collect$$rtexit$$00000004)
    __aeabi_uldivmod                         0x000001c1   Thumb Code     0  lludivv7m.o(.text)
    _ll_udiv                                 0x000001c1   Thumb Code   238  lludivv7m.o(.text)
    strlen                                   0x000002af   Thumb Code    62  strlen.o(.text)
    __I$use$semihosting                      0x000002ed   Thumb Code     0  use_no_semi.o(.text)
    __use_no_semihosting_swi                 0x000002ed   Thumb Code     2  use_no_semi.o(.text)
    __semihosting_library_function           0x000002ef   Thumb Code     0  indicate_semi.o(.text)
    exit                                     0x000002ef   Thumb Code    12  exit.o(.text)
    usbdmsc_proc                             0x000002fb   Thumb Code     2  app_usbdmsc.o(i.usbdmsc_proc)
    Reset_Handler                            0x00000315   Thumb Code    66  startup_lpc54114_cm4.o(.text)
    NMI_Handler                              0x00000357   Thumb Code     2  startup_lpc54114_cm4.o(.text)
    HardFault_Handler                        0x00000359   Thumb Code     2  startup_lpc54114_cm4.o(.text)
    MemManage_Handler                        0x0000035b   Thumb Code     2  startup_lpc54114_cm4.o(.text)
    BusFault_Handler                         0x0000035d   Thumb Code     2  startup_lpc54114_cm4.o(.text)
    UsageFault_Handler                       0x0000035f   Thumb Code     2  startup_lpc54114_cm4.o(.text)
    SVC_Handler                              0x00000361   Thumb Code     2  startup_lpc54114_cm4.o(.text)
    DebugMon_Handler                         0x00000363   Thumb Code     2  startup_lpc54114_cm4.o(.text)
    PendSV_Handler                           0x00000365   Thumb Code     2  startup_lpc54114_cm4.o(.text)
    WDT_BOD_IRQHandler                       0x00000369   Thumb Code     4  startup_lpc54114_cm4.o(.text)
    DMA0_IRQHandler                          0x0000036d   Thumb Code     4  startup_lpc54114_cm4.o(.text)
    GINT0_IRQHandler                         0x00000371   Thumb Code     4  startup_lpc54114_cm4.o(.text)
    GINT1_IRQHandler                         0x00000375   Thumb Code     4  startup_lpc54114_cm4.o(.text)
    PIN_INT0_IRQHandler                      0x00000379   Thumb Code     4  startup_lpc54114_cm4.o(.text)
    PIN_INT1_IRQHandler                      0x0000037d   Thumb Code     4  startup_lpc54114_cm4.o(.text)
    PIN_INT2_IRQHandler                      0x00000381   Thumb Code     4  startup_lpc54114_cm4.o(.text)
    PIN_INT3_IRQHandler                      0x00000385   Thumb Code     4  startup_lpc54114_cm4.o(.text)
    UTICK0_IRQHandler                        0x00000389   Thumb Code     4  startup_lpc54114_cm4.o(.text)
    MRT0_IRQHandler                          0x0000038d   Thumb Code     4  startup_lpc54114_cm4.o(.text)
    CTIMER0_IRQHandler                       0x00000391   Thumb Code     4  startup_lpc54114_cm4.o(.text)
    CTIMER1_IRQHandler                       0x00000395   Thumb Code     4  startup_lpc54114_cm4.o(.text)
    CTIMER3_IRQHandler                       0x0000039d   Thumb Code     4  startup_lpc54114_cm4.o(.text)
    FLEXCOMM0_IRQHandler                     0x000003a1   Thumb Code     4  startup_lpc54114_cm4.o(.text)
    FLEXCOMM1_IRQHandler                     0x000003a5   Thumb Code     4  startup_lpc54114_cm4.o(.text)
    FLEXCOMM2_IRQHandler                     0x000003a9   Thumb Code     4  startup_lpc54114_cm4.o(.text)
    FLEXCOMM3_IRQHandler                     0x000003ad   Thumb Code     4  startup_lpc54114_cm4.o(.text)
    FLEXCOMM4_IRQHandler                     0x000003b1   Thumb Code     4  startup_lpc54114_cm4.o(.text)
    FLEXCOMM5_IRQHandler                     0x000003b5   Thumb Code     4  startup_lpc54114_cm4.o(.text)
    FLEXCOMM6_IRQHandler                     0x000003b9   Thumb Code     4  startup_lpc54114_cm4.o(.text)
    FLEXCOMM7_IRQHandler                     0x000003bd   Thumb Code     4  startup_lpc54114_cm4.o(.text)
    ADC0_SEQB_IRQHandler                     0x000003c5   Thumb Code     4  startup_lpc54114_cm4.o(.text)
    ADC0_THCMP_IRQHandler                    0x000003c9   Thumb Code     4  startup_lpc54114_cm4.o(.text)
    DMIC0_IRQHandler                         0x000003cd   Thumb Code     4  startup_lpc54114_cm4.o(.text)
    USB0_NEEDCLK_IRQHandler                  0x000003d5   Thumb Code     4  startup_lpc54114_cm4.o(.text)
    RTC_IRQHandler                           0x000003dd   Thumb Code     4  startup_lpc54114_cm4.o(.text)
    IOH_IRQHandler                           0x000003e1   Thumb Code     4  startup_lpc54114_cm4.o(.text)
    MAILBOX_IRQHandler                       0x000003e5   Thumb Code     4  startup_lpc54114_cm4.o(.text)
    PIN_INT4_IRQHandler                      0x000003e9   Thumb Code     4  startup_lpc54114_cm4.o(.text)
    PIN_INT5_IRQHandler                      0x000003ed   Thumb Code     4  startup_lpc54114_cm4.o(.text)
    PIN_INT6_IRQHandler                      0x000003f1   Thumb Code     4  startup_lpc54114_cm4.o(.text)
    PIN_INT7_IRQHandler                      0x000003f5   Thumb Code     4  startup_lpc54114_cm4.o(.text)
    CTIMER2_IRQHandler                       0x000003f9   Thumb Code     4  startup_lpc54114_cm4.o(.text)
    CTIMER4_IRQHandler                       0x000003fd   Thumb Code     4  startup_lpc54114_cm4.o(.text)
    Reserved54_IRQHandler                    0x00000401   Thumb Code     4  startup_lpc54114_cm4.o(.text)
    SPIFI0_IRQHandler                        0x00000405   Thumb Code     4  startup_lpc54114_cm4.o(.text)
    ADC0_SEQA_DriverIRQHandler               0x00000409   Thumb Code     0  startup_lpc54114_cm4.o(.text)
    ADC0_SEQB_DriverIRQHandler               0x00000409   Thumb Code     0  startup_lpc54114_cm4.o(.text)
    ADC0_THCMP_DriverIRQHandler              0x00000409   Thumb Code     0  startup_lpc54114_cm4.o(.text)
    HWVAD0_DriverIRQHandler                  0x00000409   Thumb Code     0  startup_lpc54114_cm4.o(.text)
    IOH_DriverIRQHandler                     0x00000409   Thumb Code     0  startup_lpc54114_cm4.o(.text)
    MAILBOX_DriverIRQHandler                 0x00000409   Thumb Code     0  startup_lpc54114_cm4.o(.text)
    MRT0_DriverIRQHandler                    0x00000409   Thumb Code     0  startup_lpc54114_cm4.o(.text)
    RTC_DriverIRQHandler                     0x00000409   Thumb Code     0  startup_lpc54114_cm4.o(.text)
    Reserved54_DriverIRQHandler              0x00000409   Thumb Code     0  startup_lpc54114_cm4.o(.text)
    SCT0_DriverIRQHandler                    0x00000409   Thumb Code     0  startup_lpc54114_cm4.o(.text)
    SPIFI0_DriverIRQHandler                  0x00000409   Thumb Code     0  startup_lpc54114_cm4.o(.text)
    USB0_DriverIRQHandler                    0x00000409   Thumb Code     0  startup_lpc54114_cm4.o(.text)
    USB0_NEEDCLK_DriverIRQHandler            0x00000409   Thumb Code     0  startup_lpc54114_cm4.o(.text)
    WDT_BOD_DriverIRQHandler                 0x00000409   Thumb Code     0  startup_lpc54114_cm4.o(.text)
    __aeabi_memclr4                          0x000004b9   Thumb Code     0  rt_memclr_w.o(.text)
    __aeabi_memclr8                          0x000004b9   Thumb Code     0  rt_memclr_w.o(.text)
    __rt_memclr_w                            0x000004b9   Thumb Code    78  rt_memclr_w.o(.text)
    _memset_w                                0x000004bd   Thumb Code     0  rt_memclr_w.o(.text)
    _sys_exit                                0x00000509   Thumb Code     8  sys_exit.o(.text)
    ADC0_SEQA_IRQHandler                     0x00000515   Thumb Code    48  app_interrupt.o(i.ADC0_SEQA_IRQHandler)
    ADC_DoSelfCalibration                    0x00000551   Thumb Code   116  fsl_adc.o(i.ADC_DoSelfCalibration)
    ADC_GetChannelConversionResult           0x000005c9   Thumb Code    98  fsl_adc.o(i.ADC_GetChannelConversionResult)
    ADC_Init                                 0x000006d9   Thumb Code   124  fsl_adc.o(i.ADC_Init)
    ADC_SetConvSeqAConfig                    0x00000785   Thumb Code    92  fsl_adc.o(i.ADC_SetConvSeqAConfig)
    BOARD_BootClockRUN                       0x00000805   Thumb Code    40  clock_config.o(i.BOARD_BootClockRUN)
    BOARD_InitDebugConsole                   0x00000839   Thumb Code    50  board.o(i.BOARD_InitDebugConsole)
    BOARD_InitPins                           0x000008a1   Thumb Code    62  pin_mux.o(i.BOARD_InitPins)
    CLOCK_AttachClk                          0x000008ed   Thumb Code    60  fsl_clock.o(i.CLOCK_AttachClk)
    CLOCK_EnableUsbfs0Clock                  0x00000955   Thumb Code   152  fsl_clock.o(i.CLOCK_EnableUsbfs0Clock)
    CLOCK_GetAsyncApbClkFreq                 0x00000a01   Thumb Code    40  fsl_clock.o(i.CLOCK_GetAsyncApbClkFreq)
    CLOCK_GetCoreSysClkFreq                  0x00000a31   Thumb Code   120  fsl_clock.o(i.CLOCK_GetCoreSysClkFreq)
    CLOCK_GetExtClkFreq                      0x00000aad   Thumb Code     4  fsl_clock.o(i.CLOCK_GetExtClkFreq)
    CLOCK_GetFRGInputClock                   0x00000ab1   Thumb Code    60  fsl_clock.o(i.CLOCK_GetFRGInputClock)
    CLOCK_GetFlexCommClkFreq                 0x00000af1   Thumb Code    88  fsl_clock.o(i.CLOCK_GetFlexCommClkFreq)
    CLOCK_GetFreq                            0x00000b4d   Thumb Code   424  fsl_clock.o(i.CLOCK_GetFreq)
    CLOCK_GetFro12MFreq                      0x00000cf9   Thumb Code    18  fsl_clock.o(i.CLOCK_GetFro12MFreq)
    CLOCK_GetFroHfFreq                       0x00000d15   Thumb Code    46  fsl_clock.o(i.CLOCK_GetFroHfFreq)
    CLOCK_GetI2SMClkFreq                     0x00000d55   Thumb Code     6  fsl_clock.o(i.CLOCK_GetI2SMClkFreq)
    CLOCK_GetOsc32KFreq                      0x00000d61   Thumb Code     6  fsl_clock.o(i.CLOCK_GetOsc32KFreq)
    CLOCK_GetPllOutFreq                      0x00000d69   Thumb Code     6  fsl_clock.o(i.CLOCK_GetPllOutFreq)
    CLOCK_GetWdtOscFreq                      0x00000d75   Thumb Code    50  fsl_clock.o(i.CLOCK_GetWdtOscFreq)
    CLOCK_SetClkDiv                          0x00000db5   Thumb Code    36  fsl_clock.o(i.CLOCK_SetClkDiv)
    CLOCK_SetFLASHAccessCyclesForFreq        0x00000df5   Thumb Code    68  fsl_clock.o(i.CLOCK_SetFLASHAccessCyclesForFreq)
    CLOCK_SetPLLFreq                         0x00000e49   Thumb Code   200  fsl_clock.o(i.CLOCK_SetPLLFreq)
    CLOCK_SetupFROClocking                   0x00000f1d   Thumb Code   138  fsl_clock.o(i.CLOCK_SetupFROClocking)
    CTIMER0_DriverIRQHandler                 0x00000fb9   Thumb Code    10  fsl_ctimer.o(i.CTIMER0_DriverIRQHandler)
    CTIMER1_DriverIRQHandler                 0x00000fc3   Thumb Code    10  fsl_ctimer.o(i.CTIMER1_DriverIRQHandler)
    CTIMER2_DriverIRQHandler                 0x00000fcd   Thumb Code    10  fsl_ctimer.o(i.CTIMER2_DriverIRQHandler)
    CTIMER3_DriverIRQHandler                 0x00000fd7   Thumb Code    10  fsl_ctimer.o(i.CTIMER3_DriverIRQHandler)
    CTIMER4_DriverIRQHandler                 0x00000fe1   Thumb Code    10  fsl_ctimer.o(i.CTIMER4_DriverIRQHandler)
    CTIMER_GenericIRQHandler                 0x00000ff1   Thumb Code   110  fsl_ctimer.o(i.CTIMER_GenericIRQHandler)
    DMA0_DriverIRQHandler                    0x0000106d   Thumb Code   168  fsl_dma.o(i.DMA0_DriverIRQHandler)
    DMA_AbortTransfer                        0x00001119   Thumb Code   268  fsl_dma.o(i.DMA_AbortTransfer)
    DMA_CreateDescriptor                     0x0000128d   Thumb Code   174  fsl_dma.o(i.DMA_CreateDescriptor)
    DMA_CreateHandle                         0x00001395   Thumb Code    98  fsl_dma.o(i.DMA_CreateHandle)
    DMA_Init                                 0x00001525   Thumb Code    46  fsl_dma.o(i.DMA_Init)
    DMA_PrepareTransfer                      0x00001561   Thumb Code   230  fsl_dma.o(i.DMA_PrepareTransfer)
    DMA_SetCallback                          0x000016d9   Thumb Code    30  fsl_dma.o(i.DMA_SetCallback)
    DMA_StartTransfer                        0x00001961   Thumb Code   172  fsl_dma.o(i.DMA_StartTransfer)
    DMA_SubmitTransfer                       0x00001a35   Thumb Code   230  fsl_dma.o(i.DMA_SubmitTransfer)
    DMIC0_DriverIRQHandler                   0x00001b61   Thumb Code    16  fsl_dmic.o(i.DMIC0_DriverIRQHandler)
    DMIC0_HWVAD_Callback                     0x00001b75   Thumb Code    52  app_dmic.o(i.DMIC0_HWVAD_Callback)
    DMIC_ConfigChannel                       0x00001bad   Thumb Code   102  fsl_dmic.o(i.DMIC_ConfigChannel)
    DMIC_ConfigIO                            0x00001c13   Thumb Code     6  fsl_dmic.o(i.DMIC_ConfigIO)
    DMIC_EnableChannnel                      0x00001c59   Thumb Code     6  fsl_dmic.o(i.DMIC_EnableChannnel)
    DMIC_FifoChannel                         0x00001c5f   Thumb Code    60  fsl_dmic.o(i.DMIC_FifoChannel)
    DMIC_GetInstance                         0x00001c9d   Thumb Code    46  fsl_dmic.o(i.DMIC_GetInstance)
    DMIC_HwvadEnableIntCallback              0x00001d0d   Thumb Code    38  fsl_dmic.o(i.DMIC_HwvadEnableIntCallback)
    DMIC_Init                                0x00001d3d   Thumb Code   114  fsl_dmic.o(i.DMIC_Init)
    DMIC_SetOperationMode                    0x00001ddd   Thumb Code    58  fsl_dmic.o(i.DMIC_SetOperationMode)
    DMIC_Use2fs                              0x00001e17   Thumb Code     6  fsl_dmic.o(i.DMIC_Use2fs)
    DbgConsole_Init                          0x00001ec5   Thumb Code    74  fsl_debug_console.o(i.DbgConsole_Init)
    DbgConsole_Printf                        0x00001f1d   Thumb Code    44  fsl_debug_console.o(i.DbgConsole_Printf)
    DbgConsole_Putchar                       0x000021b5   Thumb Code    30  fsl_debug_console.o(i.DbgConsole_Putchar)
    DisableDeepSleepIRQ                      0x000021d9   Thumb Code    62  fsl_common.o(i.DisableDeepSleepIRQ)
    EnableDeepSleepIRQ                       0x00002221   Thumb Code    66  fsl_common.o(i.EnableDeepSleepIRQ)
    FLEXCOMM0_DriverIRQHandler               0x0000228d   Thumb Code    36  fsl_flexcomm.o(i.FLEXCOMM0_DriverIRQHandler)
    FLEXCOMM1_DriverIRQHandler               0x000022ed   Thumb Code    36  fsl_flexcomm.o(i.FLEXCOMM1_DriverIRQHandler)
    FLEXCOMM2_DriverIRQHandler               0x0000234d   Thumb Code    36  fsl_flexcomm.o(i.FLEXCOMM2_DriverIRQHandler)
    FLEXCOMM3_DriverIRQHandler               0x000023ad   Thumb Code    36  fsl_flexcomm.o(i.FLEXCOMM3_DriverIRQHandler)
    FLEXCOMM4_DriverIRQHandler               0x0000240d   Thumb Code    36  fsl_flexcomm.o(i.FLEXCOMM4_DriverIRQHandler)
    FLEXCOMM5_DriverIRQHandler               0x0000246d   Thumb Code    36  fsl_flexcomm.o(i.FLEXCOMM5_DriverIRQHandler)
    FLEXCOMM6_DriverIRQHandler               0x000024cd   Thumb Code    36  fsl_flexcomm.o(i.FLEXCOMM6_DriverIRQHandler)
    FLEXCOMM7_DriverIRQHandler               0x0000252d   Thumb Code    36  fsl_flexcomm.o(i.FLEXCOMM7_DriverIRQHandler)
    FLEXCOMM_GetInstance                     0x0000258d   Thumb Code    38  fsl_flexcomm.o(i.FLEXCOMM_GetInstance)
    FLEXCOMM_Init                            0x000025d9   Thumb Code    68  fsl_flexcomm.o(i.FLEXCOMM_Init)
    FLEXCOMM_SetPeriph                       0x00002663   Thumb Code    68  fsl_flexcomm.o(i.FLEXCOMM_SetPeriph)
    GINT0_DriverIRQHandler                   0x000026a9   Thumb Code    32  fsl_gint.o(i.GINT0_DriverIRQHandler)
    GINT1_DriverIRQHandler                   0x000026d1   Thumb Code    32  fsl_gint.o(i.GINT1_DriverIRQHandler)
    HWVAD0_IRQHandler                        0x00002725   Thumb Code    16  fsl_dmic.o(i.HWVAD0_IRQHandler)
    I2C_MasterGetDefaultConfig               0x00002765   Thumb Code    14  fsl_i2c.o(i.I2C_MasterGetDefaultConfig)
    I2C_MasterInit                           0x00002779   Thumb Code    36  fsl_i2c.o(i.I2C_MasterInit)
    I2C_MasterReadBlocking                   0x0000279d   Thumb Code   184  fsl_i2c.o(i.I2C_MasterReadBlocking)
    I2C_MasterSetBaudRate                    0x00002885   Thumb Code   136  fsl_i2c.o(i.I2C_MasterSetBaudRate)
    I2C_MasterStart                          0x0000290d   Thumb Code    34  fsl_i2c.o(i.I2C_MasterStart)
    I2C_MasterStop                           0x0000292f   Thumb Code    20  fsl_i2c.o(i.I2C_MasterStop)
    I2C_MasterTransferBlocking               0x00002945   Thumb Code   218  fsl_i2c.o(i.I2C_MasterTransferBlocking)
    I2C_MasterWriteBlocking                  0x00002a3d   Thumb Code   202  fsl_i2c.o(i.I2C_MasterWriteBlocking)
    I2S_DMACallback                          0x00002ddd   Thumb Code   394  fsl_i2s_dma.o(i.I2S_DMACallback)
    I2S_RxGetDefaultConfig                   0x00003167   Thumb Code    48  fsl_i2s.o(i.I2S_RxGetDefaultConfig)
    I2S_RxInit                               0x00003197   Thumb Code    74  fsl_i2s.o(i.I2S_RxInit)
    I2S_TransferAbortDMA                     0x00003379   Thumb Code   162  fsl_i2s_dma.o(i.I2S_TransferAbortDMA)
    I2S_TxGetDefaultConfig                   0x0000347f   Thumb Code    52  fsl_i2s.o(i.I2S_TxGetDefaultConfig)
    I2S_TxInit                               0x000034b3   Thumb Code    84  fsl_i2s.o(i.I2S_TxInit)
    I2S_TxTransferCreateHandleDMA            0x00003509   Thumb Code   120  fsl_i2s_dma.o(i.I2S_TxTransferCreateHandleDMA)
    I2S_TxTransferSendDMA                    0x000035b5   Thumb Code    60  fsl_i2s_dma.o(i.I2S_TxTransferSendDMA)
    PINT_PatternMatchResetDetectLogic        0x00003645   Thumb Code    20  fsl_pint.o(i.PINT_PatternMatchResetDetectLogic)
    PIN_INT0_DriverIRQHandler                0x00003661   Thumb Code    40  fsl_pint.o(i.PIN_INT0_DriverIRQHandler)
    PIN_INT1_DriverIRQHandler                0x0000368d   Thumb Code    40  fsl_pint.o(i.PIN_INT1_DriverIRQHandler)
    PIN_INT2_DriverIRQHandler                0x000036b9   Thumb Code    40  fsl_pint.o(i.PIN_INT2_DriverIRQHandler)
    PIN_INT3_DriverIRQHandler                0x000036e5   Thumb Code    40  fsl_pint.o(i.PIN_INT3_DriverIRQHandler)
    PIN_INT4_DriverIRQHandler                0x00003711   Thumb Code    40  fsl_pint.o(i.PIN_INT4_DriverIRQHandler)
    PIN_INT5_DriverIRQHandler                0x0000373d   Thumb Code    40  fsl_pint.o(i.PIN_INT5_DriverIRQHandler)
    PIN_INT6_DriverIRQHandler                0x00003769   Thumb Code    40  fsl_pint.o(i.PIN_INT6_DriverIRQHandler)
    PIN_INT7_DriverIRQHandler                0x00003795   Thumb Code    40  fsl_pint.o(i.PIN_INT7_DriverIRQHandler)
    POWER_SetVoltageForFreq                  0x00003811   Thumb Code   260  fsl_power_lib.o(i.POWER_SetVoltageForFreq)
    RESET_ClearPeripheralReset               0x00003951   Thumb Code    80  fsl_reset.o(i.RESET_ClearPeripheralReset)
    RESET_PeripheralReset                    0x000039cd   Thumb Code    18  fsl_reset.o(i.RESET_PeripheralReset)
    RESET_SetPeripheralReset                 0x000039e1   Thumb Code    80  fsl_reset.o(i.RESET_SetPeripheralReset)
    SCT0_IRQHandler                          0x00003a5d   Thumb Code    12  fsl_sctimer.o(i.SCT0_IRQHandler)
    SPI_MasterGetDefaultConfig               0x00003a91   Thumb Code    52  fsl_spi.o(i.SPI_MasterGetDefaultConfig)
    SPI_MasterInit                           0x00003aed   Thumb Code   276  fsl_spi.o(i.SPI_MasterInit)
    SPI_MasterSetBaud                        0x00003c85   Thumb Code    86  fsl_spi.o(i.SPI_MasterSetBaud)
    SPI_MasterTransferBlocking               0x00003d31   Thumb Code   510  fsl_spi.o(i.SPI_MasterTransferBlocking)
    SysTick_Handler                          0x00004031   Thumb Code    46  app_interrupt.o(i.SysTick_Handler)
    SystemCoreClockUpdate                    0x0000406d   Thumb Code   316  system_lpc54114_cm4.o(i.SystemCoreClockUpdate)
    SystemInit                               0x000041c1   Thumb Code    28  system_lpc54114_cm4.o(i.SystemInit)
    USART_GetDefaultConfig                   0x00004211   Thumb Code    48  fsl_usart.o(i.USART_GetDefaultConfig)
    USART_Init                               0x00004265   Thumb Code   226  fsl_usart.o(i.USART_Init)
    USART_ReadBlocking                       0x00004399   Thumb Code   140  fsl_usart.o(i.USART_ReadBlocking)
    USART_SetBaudRate                        0x0000445d   Thumb Code   152  fsl_usart.o(i.USART_SetBaudRate)
    USART_WriteBlocking                      0x00004549   Thumb Code    90  fsl_usart.o(i.USART_WriteBlocking)
    USB0_IRQHandler                          0x000045dd   Thumb Code    12  app_usbdmsc.o(i.USB0_IRQHandler)
    USB_DeviceApplicationInit                0x00004679   Thumb Code   148  app_usbdmsc.o(i.USB_DeviceApplicationInit)
    USB_DeviceCallback                       0x00004761   Thumb Code   208  app_usbdmsc.o(i.USB_DeviceCallback)
    USB_DeviceCancel                         0x00004835   Thumb Code    44  usb_device_dci.o(i.USB_DeviceCancel)
    USB_DeviceClassCallback                  0x00004cad   Thumb Code    68  usb_device_class.o(i.USB_DeviceClassCallback)
    USB_DeviceClassEvent                     0x00004cf1   Thumb Code   150  usb_device_class.o(i.USB_DeviceClassEvent)
    USB_DeviceClassGetDeviceHandle           0x00004df9   Thumb Code    82  usb_device_class.o(i.USB_DeviceClassGetDeviceHandle)
    USB_DeviceClassInit                      0x00004e9d   Thumb Code   200  usb_device_class.o(i.USB_DeviceClassInit)
    USB_DeviceControlCallback                0x00004fa1   Thumb Code   558  usb_device_ch9.o(i.USB_DeviceControlCallback)
    USB_DeviceControlPipeInit                0x00005259   Thumb Code    92  usb_device_ch9.o(i.USB_DeviceControlPipeInit)
    USB_DeviceDeinit                         0x000052b9   Thumb Code    38  usb_device_dci.o(i.USB_DeviceDeinit)
    USB_DeviceDeinitEndpoint                 0x000052df   Thumb Code    88  usb_device_dci.o(i.USB_DeviceDeinitEndpoint)
    USB_DeviceGetConfigurationDescriptor     0x00005355   Thumb Code    24  usb_device_descriptor.o(i.USB_DeviceGetConfigurationDescriptor)
    USB_DeviceGetDeviceDescriptor            0x000053a1   Thumb Code    14  usb_device_descriptor.o(i.USB_DeviceGetDeviceDescriptor)
    USB_DeviceGetStatus                      0x000053b5   Thumb Code   146  usb_device_dci.o(i.USB_DeviceGetStatus)
    USB_DeviceGetStringDescriptor            0x00005449   Thumb Code   120  usb_device_descriptor.o(i.USB_DeviceGetStringDescriptor)
    USB_DeviceInit                           0x000054c5   Thumb Code   236  usb_device_dci.o(i.USB_DeviceInit)
    USB_DeviceInitEndpoint                   0x000055b1   Thumb Code    96  usb_device_dci.o(i.USB_DeviceInitEndpoint)
    USB_DeviceLpc3511IpCancel                0x00005611   Thumb Code   130  usb_device_lpcip3511.o(i.USB_DeviceLpc3511IpCancel)
    USB_DeviceLpc3511IpControl               0x00005693   Thumb Code   336  usb_device_lpcip3511.o(i.USB_DeviceLpc3511IpControl)
    USB_DeviceLpc3511IpDeinit                0x000057e5   Thumb Code    60  usb_device_lpcip3511.o(i.USB_DeviceLpc3511IpDeinit)
    USB_DeviceLpc3511IpInit                  0x00005aad   Thumb Code   114  usb_device_lpcip3511.o(i.USB_DeviceLpc3511IpInit)
    USB_DeviceLpc3511IpRecv                  0x00005cb1   Thumb Code    28  usb_device_lpcip3511.o(i.USB_DeviceLpc3511IpRecv)
    USB_DeviceLpc3511IpSend                  0x00005ccd   Thumb Code    86  usb_device_lpcip3511.o(i.USB_DeviceLpc3511IpSend)
    USB_DeviceLpcIp3511IsrFunction           0x00005e23   Thumb Code   234  usb_device_lpcip3511.o(i.USB_DeviceLpcIp3511IsrFunction)
    USB_DeviceMscBulkOut                     0x000060dd   Thumb Code   626  usb_device_msc.o(i.USB_DeviceMscBulkOut)
    USB_DeviceMscCallback                    0x00006359   Thumb Code   168  app_usbdmsc.o(i.USB_DeviceMscCallback)
    USB_DeviceMscDeinit                      0x00006427   Thumb Code    32  usb_device_msc.o(i.USB_DeviceMscDeinit)
    USB_DeviceMscEndpointsDeinit             0x00006447   Thumb Code    52  usb_device_msc.o(i.USB_DeviceMscEndpointsDeinit)
    USB_DeviceMscEndpointsInit               0x0000647d   Thumb Code   368  usb_device_msc.o(i.USB_DeviceMscEndpointsInit)
    USB_DeviceMscEvent                       0x000065f5   Thumb Code   664  usb_device_msc.o(i.USB_DeviceMscEvent)
    USB_DeviceMscInit                        0x0000689f   Thumb Code   412  usb_device_msc.o(i.USB_DeviceMscInit)
    USB_DeviceMscLbaTransfer                 0x00006a3b   Thumb Code    52  usb_device_msc.o(i.USB_DeviceMscLbaTransfer)
    USB_DeviceMscProcessUfiCommand           0x00006a6f   Thumb Code   346  usb_device_msc.o(i.USB_DeviceMscProcessUfiCommand)
    USB_DeviceMscRecv                        0x00006bc9   Thumb Code   118  usb_device_msc.o(i.USB_DeviceMscRecv)
    USB_DeviceMscSend                        0x00006c3f   Thumb Code   118  usb_device_msc.o(i.USB_DeviceMscSend)
    USB_DeviceMscUfiFormatUnitCommand        0x00006cb5   Thumb Code    82  usb_device_msc_ufi.o(i.USB_DeviceMscUfiFormatUnitCommand)
    USB_DeviceMscUfiInquiryCommand           0x00006d07   Thumb Code    76  usb_device_msc_ufi.o(i.USB_DeviceMscUfiInquiryCommand)
    USB_DeviceMscUfiModeSelectCommand        0x00006d53   Thumb Code    96  usb_device_msc_ufi.o(i.USB_DeviceMscUfiModeSelectCommand)
    USB_DeviceMscUfiModeSenseCommand         0x00006db3   Thumb Code    76  usb_device_msc_ufi.o(i.USB_DeviceMscUfiModeSenseCommand)
    USB_DeviceMscUfiPreventAllowMediumCommand 0x00006dff   Thumb Code    68  usb_device_msc_ufi.o(i.USB_DeviceMscUfiPreventAllowMediumCommand)
    USB_DeviceMscUfiReadCapacityCommand      0x00006e43   Thumb Code    82  usb_device_msc_ufi.o(i.USB_DeviceMscUfiReadCapacityCommand)
    USB_DeviceMscUfiReadCommand              0x00006e95   Thumb Code   142  usb_device_msc_ufi.o(i.USB_DeviceMscUfiReadCommand)
    USB_DeviceMscUfiReadFormatCapacityCommand 0x00006f23   Thumb Code   288  usb_device_msc_ufi.o(i.USB_DeviceMscUfiReadFormatCapacityCommand)
    USB_DeviceMscUfiRequestSenseCommand      0x00007043   Thumb Code    50  usb_device_msc_ufi.o(i.USB_DeviceMscUfiRequestSenseCommand)
    USB_DeviceMscUfiSendDiagnosticCommand    0x00007075   Thumb Code    68  usb_device_msc_ufi.o(i.USB_DeviceMscUfiSendDiagnosticCommand)
    USB_DeviceMscUfiStartStopUnitCommand     0x000070b9   Thumb Code    76  usb_device_msc_ufi.o(i.USB_DeviceMscUfiStartStopUnitCommand)
    USB_DeviceMscUfiTestUnitReadyCommand     0x00007105   Thumb Code    68  usb_device_msc_ufi.o(i.USB_DeviceMscUfiTestUnitReadyCommand)
    USB_DeviceMscUfiThirteenCasesCheck       0x00007149   Thumb Code   770  usb_device_msc_ufi.o(i.USB_DeviceMscUfiThirteenCasesCheck)
    USB_DeviceMscUfiUnsupportCommand         0x0000744b   Thumb Code    34  usb_device_msc_ufi.o(i.USB_DeviceMscUfiUnsupportCommand)
    USB_DeviceMscUfiVerifyCommand            0x0000746d   Thumb Code    40  usb_device_msc_ufi.o(i.USB_DeviceMscUfiVerifyCommand)
    USB_DeviceMscUfiWriteCommand             0x00007495   Thumb Code   140  usb_device_msc_ufi.o(i.USB_DeviceMscUfiWriteCommand)
    USB_DeviceNotificationTrigger            0x00007595   Thumb Code    40  usb_device_dci.o(i.USB_DeviceNotificationTrigger)
    USB_DeviceRecvRequest                    0x000075bd   Thumb Code    30  usb_device_dci.o(i.USB_DeviceRecvRequest)
    USB_DeviceRun                            0x00007629   Thumb Code    16  usb_device_dci.o(i.USB_DeviceRun)
    USB_DeviceSendRequest                    0x00007639   Thumb Code    34  usb_device_dci.o(i.USB_DeviceSendRequest)
    USB_DeviceSetStatus                      0x0000765b   Thumb Code   138  usb_device_dci.o(i.USB_DeviceSetStatus)
    USB_DeviceStallEndpoint                  0x000076e5   Thumb Code    32  usb_device_dci.o(i.USB_DeviceStallEndpoint)
    USB_DeviceUnstallEndpoint                0x00007759   Thumb Code    32  usb_device_dci.o(i.USB_DeviceUnstallEndpoint)
    USB_OsaEnterCritical                     0x00007779   Thumb Code    12  usb_osa_bm.o(i.USB_OsaEnterCritical)
    USB_OsaExitCritical                      0x00007785   Thumb Code    10  usb_osa_bm.o(i.USB_OsaExitCritical)
    UTICK0_DriverIRQHandler                  0x00007791   Thumb Code    16  fsl_utick.o(i.UTICK0_DriverIRQHandler)
    WM8904_GetDefaultConfig                  0x000077ad   Thumb Code    26  app_wm8904.o(i.WM8904_GetDefaultConfig)
    WM8904_Init                              0x000077c7   Thumb Code   548  app_wm8904.o(i.WM8904_Init)
    WM8904_SetAudioFormat                    0x00007a75   Thumb Code    94  app_wm8904.o(i.WM8904_SetAudioFormat)
    WM8904_SetMasterSlave                    0x00007ad3   Thumb Code    12  app_wm8904.o(i.WM8904_SetMasterSlave)
    WM8904_SetProtocol                       0x00007adf   Thumb Code    20  app_wm8904.o(i.WM8904_SetProtocol)
    WM8904_SetVolume                         0x00007af3   Thumb Code    58  app_wm8904.o(i.WM8904_SetVolume)
    __aeabi_assert                           0x00007b9d   Thumb Code    24  fsl_common.o(i.__aeabi_assert)
    adc_init                                 0x00007be1   Thumb Code   236  app_adc.o(i.adc_init)
    adc_read                                 0x00007ce1   Thumb Code    46  app_adc.o(i.adc_read)
    dmic_init                                0x00007d19   Thumb Code   382  app_dmic.o(i.dmic_init)
    flash_transfer_cb                        0x00007f2f   Thumb Code    62  app_spiflash.o(i.flash_transfer_cb)
    key_init                                 0x00007f6d   Thumb Code    98  app_key.o(i.key_init)
    key_value                                0x00007fe5   Thumb Code    24  app_key.o(i.key_value)
    led_init                                 0x00008009   Thumb Code    98  app_led.o(i.led_init)
    led_off                                  0x00008085   Thumb Code    22  app_led.o(i.led_off)
    led_on                                   0x000080ad   Thumb Code    22  app_led.o(i.led_on)
    led_toggle                               0x000080d5   Thumb Code    32  app_led.o(i.led_toggle)
    main                                     0x00008101   Thumb Code   500  application.o(i.main)
    mx25r_cmd_rdid                           0x000083d9   Thumb Code    48  app_spiflash.o(i.mx25r_cmd_rdid)
    mx25r_init                               0x00008409   Thumb Code    10  app_spiflash.o(i.mx25r_init)
    pct2075_i2c_init                         0x00008415   Thumb Code    68  app_pct2075.o(i.pct2075_i2c_init)
    pct2075_i2c_read                         0x0000846d   Thumb Code   220  app_pct2075.o(i.pct2075_i2c_read)
    spiflash_init                            0x0000865d   Thumb Code   176  app_spiflash.o(i.spiflash_init)
    usbdmsc_init                             0x00008725   Thumb Code    42  app_usbdmsc.o(i.usbdmsc_init)
    wm8904_i2s_init                          0x00008759   Thumb Code   322  app_wm8904.o(i.wm8904_i2s_init)
    __aeabi_dneg                             0x000088ed   Thumb Code     0  basic.o(x$fpl$basic)
    _dneg                                    0x000088ed   Thumb Code     6  basic.o(x$fpl$basic)
    __aeabi_fneg                             0x000088f3   Thumb Code     0  basic.o(x$fpl$basic)
    _fneg                                    0x000088f3   Thumb Code     6  basic.o(x$fpl$basic)
    _dabs                                    0x000088f9   Thumb Code     6  basic.o(x$fpl$basic)
    _fabs                                    0x000088ff   Thumb Code     6  basic.o(x$fpl$basic)
    __aeabi_d2f                              0x00008905   Thumb Code     0  d2f.o(x$fpl$d2f)
    _d2f                                     0x00008905   Thumb Code    98  d2f.o(x$fpl$d2f)
    __aeabi_dmul                             0x00008969   Thumb Code     0  dmul.o(x$fpl$dmul)
    _dmul                                    0x00008969   Thumb Code   332  dmul.o(x$fpl$dmul)
    __fpl_dnaninf                            0x00008abd   Thumb Code   156  dnaninf.o(x$fpl$dnaninf)
    __fpl_dretinf                            0x00008b59   Thumb Code    12  dretinf.o(x$fpl$dretinf)
    __aeabi_f2d                              0x00008b65   Thumb Code     0  f2d.o(x$fpl$f2d)
    _f2d                                     0x00008b65   Thumb Code    86  f2d.o(x$fpl$f2d)
    __fpl_fnaninf                            0x00008bbb   Thumb Code   140  fnaninf.o(x$fpl$fnaninf)
    _fp_init                                 0x00008c47   Thumb Code    10  fpinit.o(x$fpl$fpinit)
    __fplib_config_fpu_vfp                   0x00008c4f   Thumb Code     0  fpinit.o(x$fpl$fpinit)
    __fplib_config_pureend_doubles           0x00008c4f   Thumb Code     0  fpinit.o(x$fpl$fpinit)
    __fpl_fretinf                            0x00008c51   Thumb Code    10  fretinf.o(x$fpl$fretinf)
    LED_GPIO_PORT                            0x00008c5a   Data           8  app_led.o(.constdata)
    __I$use$fp                               0x00008c5a   Number         0  usenofp.o(x$fpl$usenofp)
    LED_GPIO_PIN                             0x00008c62   Data           8  app_led.o(.constdata)
    LED_GPIO_ON                              0x00008c6a   Data           8  app_led.o(.constdata)
    LED_GPIO_OFF                             0x00008c72   Data           8  app_led.o(.constdata)
    KEY_GPIO_PORT                            0x00008c7a   Data           4  app_key.o(.constdata)
    KEY_GPIO_PIN                             0x00008c7e   Data           4  app_key.o(.constdata)
    pllSetup                                 0x00008c84   Data          28  app_wm8904.o(.constdata)
    g_Ext_Clk_Freq                           0x00008d0c   Data           4  fsl_clock.o(.constdata)
    kFlexcommIrqs                            0x00008d7c   Data           8  fsl_flexcomm.o(.constdata)
    Region$$Table$$Base                      0x00009198   Number         0  anon$$obj.o(Region$$Table)
    Region$$Table$$Limit                     0x000091b8   Number         0  anon$$obj.o(Region$$Table)
    Image$$ARM_LIB_STACK$$ZI$$Limit          0x04008000   Number         0  anon$$obj.o ABSOLUTE
    Image$$RW_m_data$$Base                   0x20000000   Number         0  anon$$obj.o ABSOLUTE
    fPCTValue                                0x20000000   Data           4  application.o(.data)
    dwSysTicks                               0x20000004   Data           4  app_interrupt.o(.data)
    dwLedTicks                               0x20000008   Data           4  app_interrupt.o(.data)
    dwLedTime                                0x2000000c   Data           4  app_interrupt.o(.data)
    bADCSampleFlag                           0x20000010   Data           1  app_adc.o(.data)
    gAdcResultInfoPtr                        0x20000014   Data           4  app_adc.o(.data)
    g_Music                                  0x20000018   Data         432  app_wm8904.o(.data)
    codecConfig                              0x200001d8   Data           5  app_wm8904.o(.data)
    codecHandle                              0x200001e0   Data           4  app_wm8904.o(.data)
    g_InquiryInfo                            0x20000200   Data          36  app_usbdmsc.o(.data)
    g_ModeParametersHeader                   0x20000240   Data           8  app_usbdmsc.o(.data)
    msc_config                               0x20000248   Data          12  app_usbdmsc.o(.data)
    msc_config_list                          0x20000254   Data          12  app_usbdmsc.o(.data)
    g_I2S_Mclk_Freq                          0x20000264   Data           4  fsl_clock.o(.data)
    SystemCoreClock                          0x200002a0   Data           4  system_lpc54114_cm4.o(.data)
    g_UsbDeviceMscEndpoints                  0x200002a4   Data           8  usb_device_descriptor.o(.data)
    g_UsbDeviceMscInterface                  0x200002ac   Data          16  usb_device_descriptor.o(.data)
    g_UsbDeviceMscInterfaces                 0x200002bc   Data          12  usb_device_descriptor.o(.data)
    g_UsbDeviceMscInterfaceList              0x200002c8   Data           8  usb_device_descriptor.o(.data)
    g_UsbDeviceMscConfig                     0x200002d0   Data           8  usb_device_descriptor.o(.data)
    g_UsbDeviceDescriptor                    0x200002d8   Data          18  usb_device_descriptor.o(.data)
    g_UsbDeviceConfigurationDescriptor       0x200002ea   Data          32  usb_device_descriptor.o(.data)
    g_UsbDeviceString0                       0x2000030a   Data           4  usb_device_descriptor.o(.data)
    g_UsbDeviceString1                       0x2000030e   Data          38  usb_device_descriptor.o(.data)
    g_UsbDeviceString2                       0x20000334   Data          34  usb_device_descriptor.o(.data)
    g_UsbDeviceString3                       0x20000356   Data          34  usb_device_descriptor.o(.data)
    g_UsbDeviceStringN                       0x20000378   Data          34  usb_device_descriptor.o(.data)
    g_UsbStringDescriptorSize                0x2000039c   Data          20  usb_device_descriptor.o(.data)
    g_UsbStringDescriptors                   0x200003b0   Data          20  usb_device_descriptor.o(.data)
    g_UsbLanguage                            0x200003c4   Data          12  usb_device_descriptor.o(.data)
    g_UsbDeviceLanguageList                  0x200003d0   Data          16  usb_device_descriptor.o(.data)
    mx25r                                    0x200003f0   Data          16  app_spiflash.o(.bss)
    g_msc                                    0x20006640   Data          20  app_usbdmsc.o(.bss)
    s_dma_descriptor_table                   0x20006a00   Data         320  fsl_dma.o(.bss)
    s_MscCbw1                                0x20006e40   Data          32  usb_device_msc.o(m_usb_global)
    s_MscCsw1                                0x20006e80   Data          16  usb_device_msc.o(m_usb_global)
    s_UfiAlignBuffer1                        0x20006ec0   Data          64  usb_device_msc.o(m_usb_global)
    g_msc_handle                             0x20006f00   Data         220  usb_device_msc.o(m_usb_global)
    Image$$ARM_LIB_HEAP$$ZI$$Base            0x2000702c   Number         0  anon$$obj.o ABSOLUTE
    Image$$ARM_LIB_HEAP$$ZI$$Limit           0x2000742c   Number         0  anon$$obj.o ABSOLUTE



==============================================================================

Memory Map of the image

  Image Entry point : 0x000000e1

  Load Region LR_m_text (Base: 0x00000000, Size: 0x00009598, Max: 0x00030000, ABSOLUTE, COMPRESSED[0x0000941c])

    Execution Region VECTOR_ROM (Base: 0x00000000, Size: 0x000000e0, Max: 0x000000e0, ABSOLUTE)

    Base Addr    Size         Type   Attr      Idx    E Section Name        Object

    0x00000000   0x000000e0   Data   RO         4225    RESET               startup_lpc54114_cm4.o


    Execution Region VECTOR_RAM (Base: 0x00000000, Size: 0x00000000, Max: 0x00000000, ABSOLUTE)

    Base Addr    Size         Type   Attr      Idx    E Section Name        Object

    0x00000000   0x00000000   Zero   RW            1    VECTOR_RAM.bss      anon$$obj.o


    Execution Region ER_m_text (Base: 0x000000e0, Size: 0x000090d8, Max: 0x0002ff20, ABSOLUTE)

    Base Addr    Size         Type   Attr      Idx    E Section Name        Object

    0x000000e0   0x00000008   Code   RO         5595  * !!!main             c_w.l(__main.o)
    0x000000e8   0x00000034   Code   RO         5848    !!!scatter          c_w.l(__scatter.o)
    0x0000011c   0x0000005a   Code   RO         5846    !!dczerorl2         c_w.l(__dczerorl2.o)
    0x00000176   0x00000002   PAD
    0x00000178   0x0000001c   Code   RO         5850    !!handler_zi        c_w.l(__scatter_zi.o)
    0x00000194   0x00000002   Code   RO         5780    .ARM.Collect$$libinit$$00000000  c_w.l(libinit.o)
    0x00000196   0x00000004   Code   RO         5648    .ARM.Collect$$libinit$$00000001  c_w.l(libinit2.o)
    0x0000019a   0x00000000   Code   RO         5651    .ARM.Collect$$libinit$$00000004  c_w.l(libinit2.o)
    0x0000019a   0x00000000   Code   RO         5654    .ARM.Collect$$libinit$$0000000A  c_w.l(libinit2.o)
    0x0000019a   0x00000000   Code   RO         5656    .ARM.Collect$$libinit$$0000000C  c_w.l(libinit2.o)
    0x0000019a   0x00000000   Code   RO         5658    .ARM.Collect$$libinit$$0000000E  c_w.l(libinit2.o)
    0x0000019a   0x00000000   Code   RO         5661    .ARM.Collect$$libinit$$00000011  c_w.l(libinit2.o)
    0x0000019a   0x00000000   Code   RO         5663    .ARM.Collect$$libinit$$00000013  c_w.l(libinit2.o)
    0x0000019a   0x00000000   Code   RO         5665    .ARM.Collect$$libinit$$00000015  c_w.l(libinit2.o)
    0x0000019a   0x00000000   Code   RO         5667    .ARM.Collect$$libinit$$00000017  c_w.l(libinit2.o)
    0x0000019a   0x00000000   Code   RO         5669    .ARM.Collect$$libinit$$00000019  c_w.l(libinit2.o)
    0x0000019a   0x00000000   Code   RO         5671    .ARM.Collect$$libinit$$0000001B  c_w.l(libinit2.o)
    0x0000019a   0x00000000   Code   RO         5673    .ARM.Collect$$libinit$$0000001D  c_w.l(libinit2.o)
    0x0000019a   0x00000000   Code   RO         5675    .ARM.Collect$$libinit$$0000001F  c_w.l(libinit2.o)
    0x0000019a   0x00000000   Code   RO         5677    .ARM.Collect$$libinit$$00000021  c_w.l(libinit2.o)
    0x0000019a   0x00000000   Code   RO         5679    .ARM.Collect$$libinit$$00000023  c_w.l(libinit2.o)
    0x0000019a   0x00000000   Code   RO         5681    .ARM.Collect$$libinit$$00000025  c_w.l(libinit2.o)
    0x0000019a   0x00000000   Code   RO         5685    .ARM.Collect$$libinit$$0000002C  c_w.l(libinit2.o)
    0x0000019a   0x00000000   Code   RO         5687    .ARM.Collect$$libinit$$0000002E  c_w.l(libinit2.o)
    0x0000019a   0x00000000   Code   RO         5689    .ARM.Collect$$libinit$$00000030  c_w.l(libinit2.o)
    0x0000019a   0x00000000   Code   RO         5691    .ARM.Collect$$libinit$$00000032  c_w.l(libinit2.o)
    0x0000019a   0x00000002   Code   RO         5692    .ARM.Collect$$libinit$$00000033  c_w.l(libinit2.o)
    0x0000019c   0x00000002   Code   RO         5843    .ARM.Collect$$libshutdown$$00000000  c_w.l(libshutdown.o)
    0x0000019e   0x00000000   Code   RO         5803    .ARM.Collect$$libshutdown$$00000003  c_w.l(libshutdown2.o)
    0x0000019e   0x00000000   Code   RO         5806    .ARM.Collect$$libshutdown$$00000006  c_w.l(libshutdown2.o)
    0x0000019e   0x00000000   Code   RO         5809    .ARM.Collect$$libshutdown$$00000009  c_w.l(libshutdown2.o)
    0x0000019e   0x00000000   Code   RO         5811    .ARM.Collect$$libshutdown$$0000000B  c_w.l(libshutdown2.o)
    0x0000019e   0x00000000   Code   RO         5814    .ARM.Collect$$libshutdown$$0000000E  c_w.l(libshutdown2.o)
    0x0000019e   0x00000002   Code   RO         5815    .ARM.Collect$$libshutdown$$0000000F  c_w.l(libshutdown2.o)
    0x000001a0   0x00000000   Code   RO         5607    .ARM.Collect$$rtentry$$00000000  c_w.l(__rtentry.o)
    0x000001a0   0x00000000   Code   RO         5708    .ARM.Collect$$rtentry$$00000002  c_w.l(__rtentry2.o)
    0x000001a0   0x00000004   Code   RO         5722    .ARM.Collect$$rtentry$$00000007  c_w.l(__rtentry7.o)
    0x000001a4   0x00000000   Code   RO         5710    .ARM.Collect$$rtentry$$00000009  c_w.l(__rtentry2.o)
    0x000001a4   0x00000004   Code   RO         5711    .ARM.Collect$$rtentry$$0000000A  c_w.l(__rtentry2.o)
    0x000001a8   0x00000000   Code   RO         5713    .ARM.Collect$$rtentry$$0000000C  c_w.l(__rtentry2.o)
    0x000001a8   0x00000008   Code   RO         5714    .ARM.Collect$$rtentry$$0000000D  c_w.l(__rtentry2.o)
    0x000001b0   0x00000004   Code   RO         5723    .ARM.Collect$$rtentry$$00002718  c_w.l(__rtentry7.o)
    0x000001b4   0x00000002   Code   RO         5785    .ARM.Collect$$rtexit$$00000000  c_w.l(rtexit.o)
    0x000001b6   0x00000000   Code   RO         5819    .ARM.Collect$$rtexit$$00000002  c_w.l(rtexit2.o)
    0x000001b6   0x00000004   Code   RO         5820    .ARM.Collect$$rtexit$$00000003  c_w.l(rtexit2.o)
    0x000001ba   0x00000006   Code   RO         5821    .ARM.Collect$$rtexit$$00000004  c_w.l(rtexit2.o)
    0x000001c0   0x000000ee   Code   RO         5549    .text               c_w.l(lludivv7m.o)
    0x000002ae   0x0000003e   Code   RO         5581    .text               c_w.l(strlen.o)
    0x000002ec   0x00000002   Code   RO         5752    .text               c_w.l(use_no_semi.o)
    0x000002ee   0x00000000   Code   RO         5754    .text               c_w.l(indicate_semi.o)
    0x000002ee   0x0000000c   Code   RO         5761    .text               c_w.l(exit.o)
    0x000002fa   0x00000002   Code   RO          979    i.usbdmsc_proc      app_usbdmsc.o
    0x000002fc   0x00000004   Code   RO         4226    .ARM.__at_0x02FC    startup_lpc54114_cm4.o
    0x00000300   0x000001b8   Code   RO         4227    .text               startup_lpc54114_cm4.o
    0x000004b8   0x0000004e   Code   RO         5593    .text               c_w.l(rt_memclr_w.o)
    0x00000506   0x00000002   PAD
    0x00000508   0x0000000c   Code   RO         5781    .text               c_w.l(sys_exit.o)
    0x00000514   0x0000003c   Code   RO          255    i.ADC0_SEQA_IRQHandler  app_interrupt.o
    0x00000550   0x00000078   Code   RO         1037    i.ADC_DoSelfCalibration  fsl_adc.o
    0x000005c8   0x000000a0   Code   RO         1038    i.ADC_GetChannelConversionResult  fsl_adc.o
    0x00000668   0x00000070   Code   RO         1042    i.ADC_GetInstance   fsl_adc.o
    0x000006d8   0x000000ac   Code   RO         1043    i.ADC_Init          fsl_adc.o
    0x00000784   0x00000080   Code   RO         1044    i.ADC_SetConvSeqAConfig  fsl_adc.o
    0x00000804   0x00000034   Code   RO         4264    i.BOARD_BootClockRUN  clock_config.o
    0x00000838   0x00000068   Code   RO         4236    i.BOARD_InitDebugConsole  board.o
    0x000008a0   0x0000004c   Code   RO         4304    i.BOARD_InitPins    pin_mux.o
    0x000008ec   0x00000044   Code   RO         1118    i.CLOCK_AttachClk   fsl_clock.o
    0x00000930   0x00000024   Code   RO            7    i.CLOCK_EnableClock  application.o
    0x00000954   0x000000ac   Code   RO         1119    i.CLOCK_EnableUsbfs0Clock  fsl_clock.o
    0x00000a00   0x00000030   Code   RO         1120    i.CLOCK_GetAsyncApbClkFreq  fsl_clock.o
    0x00000a30   0x0000007c   Code   RO         1121    i.CLOCK_GetCoreSysClkFreq  fsl_clock.o
    0x00000aac   0x00000004   Code   RO         1122    i.CLOCK_GetExtClkFreq  fsl_clock.o
    0x00000ab0   0x00000040   Code   RO         1123    i.CLOCK_GetFRGInputClock  fsl_clock.o
    0x00000af0   0x0000005c   Code   RO         1124    i.CLOCK_GetFlexCommClkFreq  fsl_clock.o
    0x00000b4c   0x000001ac   Code   RO         1125    i.CLOCK_GetFreq     fsl_clock.o
    0x00000cf8   0x0000001c   Code   RO         1126    i.CLOCK_GetFro12MFreq  fsl_clock.o
    0x00000d14   0x00000040   Code   RO         1127    i.CLOCK_GetFroHfFreq  fsl_clock.o
    0x00000d54   0x0000000c   Code   RO         1128    i.CLOCK_GetI2SMClkFreq  fsl_clock.o
    0x00000d60   0x00000006   Code   RO         1129    i.CLOCK_GetOsc32KFreq  fsl_clock.o
    0x00000d66   0x00000002   PAD
    0x00000d68   0x0000000c   Code   RO         1131    i.CLOCK_GetPllOutFreq  fsl_clock.o
    0x00000d74   0x00000040   Code   RO         1136    i.CLOCK_GetWdtOscFreq  fsl_clock.o
    0x00000db4   0x00000028   Code   RO         1137    i.CLOCK_SetClkDiv   fsl_clock.o
    0x00000ddc   0x00000018   Code   RO         1138    i.CLOCK_SetFLASHAccessCycles  fsl_clock.o
    0x00000df4   0x00000054   Code   RO         1139    i.CLOCK_SetFLASHAccessCyclesForFreq  fsl_clock.o
    0x00000e48   0x000000d4   Code   RO         1141    i.CLOCK_SetPLLFreq  fsl_clock.o
    0x00000f1c   0x0000009c   Code   RO         1143    i.CLOCK_SetupFROClocking  fsl_clock.o
    0x00000fb8   0x0000000a   Code   RO         1484    i.CTIMER0_DriverIRQHandler  fsl_ctimer.o
    0x00000fc2   0x0000000a   Code   RO         1485    i.CTIMER1_DriverIRQHandler  fsl_ctimer.o
    0x00000fcc   0x0000000a   Code   RO         1486    i.CTIMER2_DriverIRQHandler  fsl_ctimer.o
    0x00000fd6   0x0000000a   Code   RO         1487    i.CTIMER3_DriverIRQHandler  fsl_ctimer.o
    0x00000fe0   0x0000000a   Code   RO         1488    i.CTIMER4_DriverIRQHandler  fsl_ctimer.o
    0x00000fea   0x00000004   Code   RO         1489    i.CTIMER_ClearStatusFlags  fsl_ctimer.o
    0x00000fee   0x00000002   PAD
    0x00000ff0   0x0000007c   Code   RO         1491    i.CTIMER_GenericIRQHandler  fsl_ctimer.o
    0x0000106c   0x000000ac   Code   RO         1726    i.DMA0_DriverIRQHandler  fsl_dma.o
    0x00001118   0x00000174   Code   RO         1727    i.DMA_AbortTransfer  fsl_dma.o
    0x0000128c   0x00000108   Code   RO         1729    i.DMA_CreateDescriptor  fsl_dma.o
    0x00001394   0x00000084   Code   RO         1730    i.DMA_CreateHandle  fsl_dma.o
    0x00001418   0x00000090   Code   RO          824    i.DMA_EnableChannel  app_wm8904.o
    0x000014a8   0x0000007c   Code   RO         1732    i.DMA_GetInstance   fsl_dma.o
    0x00001524   0x0000003c   Code   RO         1734    i.DMA_Init          fsl_dma.o
    0x00001560   0x00000178   Code   RO         1735    i.DMA_PrepareTransfer  fsl_dma.o
    0x000016d8   0x00000044   Code   RO         1736    i.DMA_SetCallback   fsl_dma.o
    0x0000171c   0x00000078   Code   RO          825    i.DMA_SetChannelPriority  app_wm8904.o
    0x00001794   0x0000000e   Code   RO         1737    i.DMA_SetupDescriptor  fsl_dma.o
    0x000017a2   0x00000002   PAD
    0x000017a4   0x000001bc   Code   RO         1738    i.DMA_SetupXferCFG  fsl_dma.o
    0x00001960   0x000000d4   Code   RO         1739    i.DMA_StartTransfer  fsl_dma.o
    0x00001a34   0x0000012c   Code   RO         1740    i.DMA_SubmitTransfer  fsl_dma.o
    0x00001b60   0x00000014   Code   RO         1846    i.DMIC0_DriverIRQHandler  fsl_dmic.o
    0x00001b74   0x00000038   Code   RO          384    i.DMIC0_HWVAD_Callback  app_dmic.o
    0x00001bac   0x00000066   Code   RO         1848    i.DMIC_ConfigChannel  fsl_dmic.o
    0x00001c12   0x00000006   Code   RO         1849    i.DMIC_ConfigIO     fsl_dmic.o
    0x00001c18   0x00000040   Code   RO          385    i.DMIC_CtrlClrIntrHwvad  app_dmic.o
    0x00001c58   0x00000006   Code   RO         1852    i.DMIC_EnableChannnel  fsl_dmic.o
    0x00001c5e   0x0000003c   Code   RO         1854    i.DMIC_FifoChannel  fsl_dmic.o
    0x00001c9a   0x00000002   PAD
    0x00001c9c   0x00000070   Code   RO         1855    i.DMIC_GetInstance  fsl_dmic.o
    0x00001d0c   0x00000030   Code   RO         1857    i.DMIC_HwvadEnableIntCallback  fsl_dmic.o
    0x00001d3c   0x000000a0   Code   RO         1858    i.DMIC_Init         fsl_dmic.o
    0x00001ddc   0x0000003a   Code   RO         1859    i.DMIC_SetOperationMode  fsl_dmic.o
    0x00001e16   0x00000006   Code   RO         1860    i.DMIC_Use2fs       fsl_dmic.o
    0x00001e1c   0x000000a8   Code   RO         1611    i.DbgConsole_ConvertRadixNumToString  fsl_debug_console.o
    0x00001ec4   0x00000058   Code   RO         1614    i.DbgConsole_Init   fsl_debug_console.o
    0x00001f1c   0x00000034   Code   RO         1615    i.DbgConsole_Printf  fsl_debug_console.o
    0x00001f50   0x0000023a   Code   RO         1616    i.DbgConsole_PrintfFormattedData  fsl_debug_console.o
    0x0000218a   0x00000028   Code   RO         1617    i.DbgConsole_PrintfPaddingCharacter  fsl_debug_console.o
    0x000021b2   0x00000002   PAD
    0x000021b4   0x00000024   Code   RO         1618    i.DbgConsole_Putchar  fsl_debug_console.o
    0x000021d8   0x00000048   Code   RO         1382    i.DisableDeepSleepIRQ  fsl_common.o
    0x00002220   0x00000048   Code   RO         1383    i.EnableDeepSleepIRQ  fsl_common.o
    0x00002268   0x00000024   Code   RO         1862    i.EnableIRQ         fsl_dmic.o
    0x0000228c   0x00000060   Code   RO         2110    i.FLEXCOMM0_DriverIRQHandler  fsl_flexcomm.o
    0x000022ec   0x00000060   Code   RO         2111    i.FLEXCOMM1_DriverIRQHandler  fsl_flexcomm.o
    0x0000234c   0x00000060   Code   RO         2112    i.FLEXCOMM2_DriverIRQHandler  fsl_flexcomm.o
    0x000023ac   0x00000060   Code   RO         2113    i.FLEXCOMM3_DriverIRQHandler  fsl_flexcomm.o
    0x0000240c   0x00000060   Code   RO         2114    i.FLEXCOMM4_DriverIRQHandler  fsl_flexcomm.o
    0x0000246c   0x00000060   Code   RO         2115    i.FLEXCOMM5_DriverIRQHandler  fsl_flexcomm.o
    0x000024cc   0x00000060   Code   RO         2116    i.FLEXCOMM6_DriverIRQHandler  fsl_flexcomm.o
    0x0000252c   0x00000060   Code   RO         2117    i.FLEXCOMM7_DriverIRQHandler  fsl_flexcomm.o
    0x0000258c   0x0000004c   Code   RO         2118    i.FLEXCOMM_GetInstance  fsl_flexcomm.o
    0x000025d8   0x00000050   Code   RO         2119    i.FLEXCOMM_Init     fsl_flexcomm.o
    0x00002628   0x0000003a   Code   RO         2120    i.FLEXCOMM_PeripheralIsPresent  fsl_flexcomm.o
    0x00002662   0x00000044   Code   RO         2122    i.FLEXCOMM_SetPeriph  fsl_flexcomm.o
    0x000026a6   0x00000002   PAD
    0x000026a8   0x00000028   Code   RO         2239    i.GINT0_DriverIRQHandler  fsl_gint.o
    0x000026d0   0x00000028   Code   RO         2240    i.GINT1_DriverIRQHandler  fsl_gint.o
    0x000026f8   0x0000002c   Code   RO         4155    i.GetWdtOscFreq     system_lpc54114_cm4.o
    0x00002724   0x00000014   Code   RO         1863    i.HWVAD0_IRQHandler  fsl_dmic.o
    0x00002738   0x0000000a   Code   RO         2367    i.I2C_MasterClearStatusFlags  fsl_i2c.o
    0x00002742   0x00000022   Code   RO         2369    i.I2C_MasterEnable  fsl_i2c.o
    0x00002764   0x00000014   Code   RO         2370    i.I2C_MasterGetDefaultConfig  fsl_i2c.o
    0x00002778   0x00000024   Code   RO         2371    i.I2C_MasterInit    fsl_i2c.o
    0x0000279c   0x000000d4   Code   RO         2372    i.I2C_MasterReadBlocking  fsl_i2c.o
    0x00002870   0x00000014   Code   RO         2373    i.I2C_MasterRepeatedStart  fsl_i2c.o
    0x00002884   0x00000088   Code   RO         2374    i.I2C_MasterSetBaudRate  fsl_i2c.o
    0x0000290c   0x00000022   Code   RO         2375    i.I2C_MasterStart   fsl_i2c.o
    0x0000292e   0x00000014   Code   RO         2376    i.I2C_MasterStop    fsl_i2c.o
    0x00002942   0x00000002   PAD
    0x00002944   0x000000f8   Code   RO         2378    i.I2C_MasterTransferBlocking  fsl_i2c.o
    0x00002a3c   0x000000e8   Code   RO         2383    i.I2C_MasterWriteBlocking  fsl_i2c.o
    0x00002b24   0x00000022   Code   RO         2384    i.I2C_PendingStatusWait  fsl_i2c.o
    0x00002b46   0x00000002   PAD
    0x00002b48   0x000001cc   Code   RO         2883    i.I2S_AddTransferDMA  fsl_i2s_dma.o
    0x00002d14   0x000000c8   Code   RO         2729    i.I2S_Config        fsl_i2s.o
    0x00002ddc   0x000001a8   Code   RO         2884    i.I2S_DMACallback   fsl_i2s_dma.o
    0x00002f84   0x0000016c   Code   RO         2885    i.I2S_EnqueueUserBuffer  fsl_i2s_dma.o
    0x000030f0   0x0000004c   Code   RO         2886    i.I2S_GetInstance   fsl_i2s_dma.o
    0x0000313c   0x0000002a   Code   RO         2887    i.I2S_RxEnableDMA   fsl_i2s_dma.o
    0x00003166   0x00000030   Code   RO         2736    i.I2S_RxGetDefaultConfig  fsl_i2s.o
    0x00003196   0x0000004a   Code   RO         2738    i.I2S_RxInit        fsl_i2s.o
    0x000031e0   0x00000198   Code   RO         2890    i.I2S_StartTransferDMA  fsl_i2s_dma.o
    0x00003378   0x000000dc   Code   RO         2891    i.I2S_TransferAbortDMA  fsl_i2s_dma.o
    0x00003454   0x0000002a   Code   RO         2892    i.I2S_TxEnableDMA   fsl_i2s_dma.o
    0x0000347e   0x00000034   Code   RO         2745    i.I2S_TxGetDefaultConfig  fsl_i2s.o
    0x000034b2   0x00000054   Code   RO         2747    i.I2S_TxInit        fsl_i2s.o
    0x00003506   0x00000002   PAD
    0x00003508   0x000000ac   Code   RO         2893    i.I2S_TxTransferCreateHandleDMA  fsl_i2s_dma.o
    0x000035b4   0x0000003c   Code   RO         2894    i.I2S_TxTransferSendDMA  fsl_i2s_dma.o
    0x000035f0   0x0000000c   Code   RO          386    i.IOCON_PinMuxSet   app_dmic.o
    0x000035fc   0x0000000c   Code   RO          436    i.IOCON_PinMuxSet   app_spiflash.o
    0x00003608   0x0000000c   Code   RO          535    i.IOCON_PinMuxSet   app_pct2075.o
    0x00003614   0x0000000c   Code   RO          826    i.IOCON_PinMuxSet   app_wm8904.o
    0x00003620   0x0000000c   Code   RO         4305    i.IOCON_PinMuxSet   pin_mux.o
    0x0000362c   0x00000018   Code   RO         1864    i.NVIC_ClearPendingIRQ  fsl_dmic.o
    0x00003644   0x00000014   Code   RO         3117    i.PINT_PatternMatchResetDetectLogic  fsl_pint.o
    0x00003658   0x00000008   Code   RO         3118    i.PINT_PinInterruptClrStatus  fsl_pint.o
    0x00003660   0x0000002c   Code   RO         3121    i.PIN_INT0_DriverIRQHandler  fsl_pint.o
    0x0000368c   0x0000002c   Code   RO         3122    i.PIN_INT1_DriverIRQHandler  fsl_pint.o
    0x000036b8   0x0000002c   Code   RO         3123    i.PIN_INT2_DriverIRQHandler  fsl_pint.o
    0x000036e4   0x0000002c   Code   RO         3124    i.PIN_INT3_DriverIRQHandler  fsl_pint.o
    0x00003710   0x0000002c   Code   RO         3125    i.PIN_INT4_DriverIRQHandler  fsl_pint.o
    0x0000373c   0x0000002c   Code   RO         3126    i.PIN_INT5_DriverIRQHandler  fsl_pint.o
    0x00003768   0x0000002c   Code   RO         3127    i.PIN_INT6_DriverIRQHandler  fsl_pint.o
    0x00003794   0x0000002c   Code   RO         3128    i.PIN_INT7_DriverIRQHandler  fsl_pint.o
    0x000037c0   0x00000014   Code   RO          295    i.POWER_DisablePD   app_adc.o
    0x000037d4   0x00000014   Code   RO         1148    i.POWER_DisablePD   fsl_clock.o
    0x000037e8   0x00000014   Code   RO         4266    i.POWER_DisablePD   clock_config.o
    0x000037fc   0x00000014   Code   RO         1149    i.POWER_EnablePD    fsl_clock.o
    0x00003810   0x0000012c   Code   RO         5470    i.POWER_SetVoltageForFreq  keil_lib_power.lib(fsl_power_lib.o)
    0x0000393c   0x00000014   Code   RO         5472    i.POWER_setVdLevel  keil_lib_power.lib(fsl_power_lib.o)
    0x00003950   0x0000007c   Code   RO         3267    i.RESET_ClearPeripheralReset  fsl_reset.o
    0x000039cc   0x00000012   Code   RO         3268    i.RESET_PeripheralReset  fsl_reset.o
    0x000039de   0x00000002   PAD
    0x000039e0   0x0000007c   Code   RO         3269    i.RESET_SetPeripheralReset  fsl_reset.o
    0x00003a5c   0x00000014   Code   RO         3373    i.SCT0_IRQHandler   fsl_sctimer.o
    0x00003a70   0x0000001e   Code   RO         3592    i.SPI_Enable        fsl_spi.o
    0x00003a8e   0x00000002   PAD
    0x00003a90   0x0000005c   Code   RO         3596    i.SPI_MasterGetDefaultConfig  fsl_spi.o
    0x00003aec   0x00000198   Code   RO         3597    i.SPI_MasterInit    fsl_spi.o
    0x00003c84   0x000000ac   Code   RO         3598    i.SPI_MasterSetBaud  fsl_spi.o
    0x00003d30   0x00000268   Code   RO         3600    i.SPI_MasterTransferBlocking  fsl_spi.o
    0x00003f98   0x00000098   Code   RO          829    i.StartSoundPlayback  app_wm8904.o
    0x00004030   0x0000003c   Code   RO          256    i.SysTick_Handler   app_interrupt.o
    0x0000406c   0x00000154   Code   RO         4156    i.SystemCoreClockUpdate  system_lpc54114_cm4.o
    0x000041c0   0x00000028   Code   RO         4157    i.SystemInit        system_lpc54114_cm4.o
    0x000041e8   0x00000026   Code   RO          830    i.TxCallback        app_wm8904.o
    0x0000420e   0x00000002   PAD
    0x00004210   0x00000054   Code   RO         3807    i.USART_GetDefaultConfig  fsl_usart.o
    0x00004264   0x00000134   Code   RO         3808    i.USART_Init        fsl_usart.o
    0x00004398   0x000000c4   Code   RO         3809    i.USART_ReadBlocking  fsl_usart.o
    0x0000445c   0x000000ec   Code   RO         3810    i.USART_SetBaudRate  fsl_usart.o
    0x00004548   0x00000094   Code   RO         3823    i.USART_WriteBlocking  fsl_usart.o
    0x000045dc   0x00000010   Code   RO          974    i.USB0_IRQHandler   app_usbdmsc.o
    0x000045ec   0x0000008c   Code   RO         5319    i.USB_DeviceAllocateHandle  usb_device_dci.o
    0x00004678   0x000000e8   Code   RO          975    i.USB_DeviceApplicationInit  app_usbdmsc.o
    0x00004760   0x000000d4   Code   RO          976    i.USB_DeviceCallback  app_usbdmsc.o
    0x00004834   0x0000002c   Code   RO         5320    i.USB_DeviceCancel  usb_device_dci.o
    0x00004860   0x0000003e   Code   RO         4953    i.USB_DeviceCh9GetConfiguration  usb_device_ch9.o
    0x0000489e   0x00000094   Code   RO         4954    i.USB_DeviceCh9GetDescriptor  usb_device_ch9.o
    0x00004932   0x00000042   Code   RO         4955    i.USB_DeviceCh9GetInterface  usb_device_ch9.o
    0x00004974   0x000000ae   Code   RO         4956    i.USB_DeviceCh9GetStatus  usb_device_ch9.o
    0x00004a22   0x00000078   Code   RO         4957    i.USB_DeviceCh9SetAddress  usb_device_ch9.o
    0x00004a9a   0x000000a8   Code   RO         4958    i.USB_DeviceCh9SetClearFeature  usb_device_ch9.o
    0x00004b42   0x0000005c   Code   RO         4959    i.USB_DeviceCh9SetConfiguration  usb_device_ch9.o
    0x00004b9e   0x00000042   Code   RO         4960    i.USB_DeviceCh9SetInterface  usb_device_ch9.o
    0x00004be0   0x00000046   Code   RO         4961    i.USB_DeviceCh9SynchFrame  usb_device_ch9.o
    0x00004c26   0x00000002   PAD
    0x00004c28   0x00000084   Code   RO         5023    i.USB_DeviceClassAllocateHandle  usb_device_class.o
    0x00004cac   0x00000044   Code   RO         5024    i.USB_DeviceClassCallback  usb_device_class.o
    0x00004cf0   0x0000009c   Code   RO         5026    i.USB_DeviceClassEvent  usb_device_class.o
    0x00004d8c   0x0000006c   Code   RO         5027    i.USB_DeviceClassFreeHandle  usb_device_class.o
    0x00004df8   0x00000058   Code   RO         5028    i.USB_DeviceClassGetDeviceHandle  usb_device_class.o
    0x00004e50   0x0000004c   Code   RO         5030    i.USB_DeviceClassGetHandleByDeviceHandle  usb_device_class.o
    0x00004e9c   0x000000d0   Code   RO         5032    i.USB_DeviceClassInit  usb_device_class.o
    0x00004f6c   0x00000034   Code   RO         5321    i.USB_DeviceControl  usb_device_dci.o
    0x00004fa0   0x00000234   Code   RO         4962    i.USB_DeviceControlCallback  usb_device_ch9.o
    0x000051d4   0x00000084   Code   RO         4963    i.USB_DeviceControlCallbackFeedback  usb_device_ch9.o
    0x00005258   0x00000060   Code   RO         4964    i.USB_DeviceControlPipeInit  usb_device_ch9.o
    0x000052b8   0x00000026   Code   RO         5322    i.USB_DeviceDeinit  usb_device_dci.o
    0x000052de   0x00000058   Code   RO         5323    i.USB_DeviceDeinitEndpoint  usb_device_dci.o
    0x00005336   0x0000001e   Code   RO         5324    i.USB_DeviceFreeHandle  usb_device_dci.o
    0x00005354   0x0000001c   Code   RO         5088    i.USB_DeviceGetConfigurationDescriptor  usb_device_descriptor.o
    0x00005370   0x00000030   Code   RO         5325    i.USB_DeviceGetControllerInterface  usb_device_dci.o
    0x000053a0   0x00000014   Code   RO         5089    i.USB_DeviceGetDeviceDescriptor  usb_device_descriptor.o
    0x000053b4   0x00000092   Code   RO         5326    i.USB_DeviceGetStatus  usb_device_dci.o
    0x00005446   0x00000002   PAD
    0x00005448   0x0000007c   Code   RO         5090    i.USB_DeviceGetStringDescriptor  usb_device_descriptor.o
    0x000054c4   0x000000ec   Code   RO         5328    i.USB_DeviceInit    usb_device_dci.o
    0x000055b0   0x00000060   Code   RO         5329    i.USB_DeviceInitEndpoint  usb_device_dci.o
    0x00005610   0x00000082   Code   RO         4673    i.USB_DeviceLpc3511IpCancel  usb_device_lpcip3511.o
    0x00005692   0x00000150   Code   RO         4674    i.USB_DeviceLpc3511IpControl  usb_device_lpcip3511.o
    0x000057e2   0x00000002   PAD
    0x000057e4   0x00000044   Code   RO         4675    i.USB_DeviceLpc3511IpDeinit  usb_device_lpcip3511.o
    0x00005828   0x0000003e   Code   RO         4676    i.USB_DeviceLpc3511IpEndpointDeinit  usb_device_lpcip3511.o
    0x00005866   0x000000c8   Code   RO         4677    i.USB_DeviceLpc3511IpEndpointInit  usb_device_lpcip3511.o
    0x0000592e   0x00000054   Code   RO         4678    i.USB_DeviceLpc3511IpEndpointStall  usb_device_lpcip3511.o
    0x00005982   0x0000009c   Code   RO         4679    i.USB_DeviceLpc3511IpEndpointTransfer  usb_device_lpcip3511.o
    0x00005a1e   0x00000068   Code   RO         4680    i.USB_DeviceLpc3511IpEndpointUnstall  usb_device_lpcip3511.o
    0x00005a86   0x00000024   Code   RO         4681    i.USB_DeviceLpc3511IpGetEndpointStateStruct  usb_device_lpcip3511.o
    0x00005aaa   0x00000002   PAD
    0x00005aac   0x0000007c   Code   RO         4682    i.USB_DeviceLpc3511IpInit  usb_device_lpcip3511.o
    0x00005b28   0x0000002c   Code   RO         4683    i.USB_DeviceLpc3511IpInterruptReset  usb_device_lpcip3511.o
    0x00005b54   0x0000015c   Code   RO         4684    i.USB_DeviceLpc3511IpInterruptToken  usb_device_lpcip3511.o
    0x00005cb0   0x0000001c   Code   RO         4685    i.USB_DeviceLpc3511IpRecv  usb_device_lpcip3511.o
    0x00005ccc   0x00000056   Code   RO         4686    i.USB_DeviceLpc3511IpSend  usb_device_lpcip3511.o
    0x00005d22   0x00000002   PAD
    0x00005d24   0x0000007c   Code   RO         4687    i.USB_DeviceLpc3511IpSetDefaultState  usb_device_lpcip3511.o
    0x00005da0   0x00000082   Code   RO         4688    i.USB_DeviceLpc3511IpTransaction  usb_device_lpcip3511.o
    0x00005e22   0x000000ea   Code   RO         4689    i.USB_DeviceLpcIp3511IsrFunction  usb_device_lpcip3511.o
    0x00005f0c   0x00000094   Code   RO         5124    i.USB_DeviceMscAllocateHandle  usb_device_msc.o
    0x00005fa0   0x0000013c   Code   RO         5125    i.USB_DeviceMscBulkIn  usb_device_msc.o
    0x000060dc   0x0000027c   Code   RO         5126    i.USB_DeviceMscBulkOut  usb_device_msc.o
    0x00006358   0x000000b4   Code   RO          977    i.USB_DeviceMscCallback  app_usbdmsc.o
    0x0000640c   0x0000001a   Code   RO         5209    i.USB_DeviceMscCommandLpc3511IpCopy  usb_device_msc_ufi.o
    0x00006426   0x00000020   Code   RO         5127    i.USB_DeviceMscDeinit  usb_device_msc.o
    0x00006446   0x00000034   Code   RO         5128    i.USB_DeviceMscEndpointsDeinit  usb_device_msc.o
    0x0000647a   0x00000002   PAD
    0x0000647c   0x00000178   Code   RO         5129    i.USB_DeviceMscEndpointsInit  usb_device_msc.o
    0x000065f4   0x00000298   Code   RO         5130    i.USB_DeviceMscEvent  usb_device_msc.o
    0x0000688c   0x00000012   Code   RO         5131    i.USB_DeviceMscFreeHandle  usb_device_msc.o
    0x0000689e   0x0000019c   Code   RO         5132    i.USB_DeviceMscInit  usb_device_msc.o
    0x00006a3a   0x00000034   Code   RO         5133    i.USB_DeviceMscLbaTransfer  usb_device_msc.o
    0x00006a6e   0x0000015a   Code   RO         5134    i.USB_DeviceMscProcessUfiCommand  usb_device_msc.o
    0x00006bc8   0x00000076   Code   RO         5135    i.USB_DeviceMscRecv  usb_device_msc.o
    0x00006c3e   0x00000076   Code   RO         5136    i.USB_DeviceMscSend  usb_device_msc.o
    0x00006cb4   0x00000052   Code   RO         5210    i.USB_DeviceMscUfiFormatUnitCommand  usb_device_msc_ufi.o
    0x00006d06   0x0000004c   Code   RO         5211    i.USB_DeviceMscUfiInquiryCommand  usb_device_msc_ufi.o
    0x00006d52   0x00000060   Code   RO         5212    i.USB_DeviceMscUfiModeSelectCommand  usb_device_msc_ufi.o
    0x00006db2   0x0000004c   Code   RO         5213    i.USB_DeviceMscUfiModeSenseCommand  usb_device_msc_ufi.o
    0x00006dfe   0x00000044   Code   RO         5214    i.USB_DeviceMscUfiPreventAllowMediumCommand  usb_device_msc_ufi.o
    0x00006e42   0x00000052   Code   RO         5215    i.USB_DeviceMscUfiReadCapacityCommand  usb_device_msc_ufi.o
    0x00006e94   0x0000008e   Code   RO         5216    i.USB_DeviceMscUfiReadCommand  usb_device_msc_ufi.o
    0x00006f22   0x00000120   Code   RO         5217    i.USB_DeviceMscUfiReadFormatCapacityCommand  usb_device_msc_ufi.o
    0x00007042   0x00000032   Code   RO         5218    i.USB_DeviceMscUfiRequestSenseCommand  usb_device_msc_ufi.o
    0x00007074   0x00000044   Code   RO         5219    i.USB_DeviceMscUfiSendDiagnosticCommand  usb_device_msc_ufi.o
    0x000070b8   0x0000004c   Code   RO         5220    i.USB_DeviceMscUfiStartStopUnitCommand  usb_device_msc_ufi.o
    0x00007104   0x00000044   Code   RO         5221    i.USB_DeviceMscUfiTestUnitReadyCommand  usb_device_msc_ufi.o
    0x00007148   0x00000302   Code   RO         5222    i.USB_DeviceMscUfiThirteenCasesCheck  usb_device_msc_ufi.o
    0x0000744a   0x00000022   Code   RO         5223    i.USB_DeviceMscUfiUnsupportCommand  usb_device_msc_ufi.o
    0x0000746c   0x00000028   Code   RO         5224    i.USB_DeviceMscUfiVerifyCommand  usb_device_msc_ufi.o
    0x00007494   0x0000008c   Code   RO         5225    i.USB_DeviceMscUfiWriteCommand  usb_device_msc_ufi.o
    0x00007520   0x00000074   Code   RO         5330    i.USB_DeviceNotification  usb_device_dci.o
    0x00007594   0x00000028   Code   RO         5331    i.USB_DeviceNotificationTrigger  usb_device_dci.o
    0x000075bc   0x0000001e   Code   RO         5332    i.USB_DeviceRecvRequest  usb_device_dci.o
    0x000075da   0x0000004e   Code   RO         5333    i.USB_DeviceResetNotification  usb_device_dci.o
    0x00007628   0x00000010   Code   RO         5334    i.USB_DeviceRun     usb_device_dci.o
    0x00007638   0x00000022   Code   RO         5335    i.USB_DeviceSendRequest  usb_device_dci.o
    0x0000765a   0x0000008a   Code   RO         5336    i.USB_DeviceSetStatus  usb_device_dci.o
    0x000076e4   0x00000020   Code   RO         5337    i.USB_DeviceStallEndpoint  usb_device_dci.o
    0x00007704   0x00000054   Code   RO         5339    i.USB_DeviceTransfer  usb_device_dci.o
    0x00007758   0x00000020   Code   RO         5340    i.USB_DeviceUnstallEndpoint  usb_device_dci.o
    0x00007778   0x0000000c   Code   RO         4792    i.USB_OsaEnterCritical  usb_osa_bm.o
    0x00007784   0x0000000a   Code   RO         4799    i.USB_OsaExitCritical  usb_osa_bm.o
    0x0000778e   0x00000002   PAD
    0x00007790   0x0000001c   Code   RO         4023    i.UTICK0_DriverIRQHandler  fsl_utick.o
    0x000077ac   0x0000001a   Code   RO          832    i.WM8904_GetDefaultConfig  app_wm8904.o
    0x000077c6   0x00000224   Code   RO          833    i.WM8904_Init       app_wm8904.o
    0x000079ea   0x0000003e   Code   RO          834    i.WM8904_ModifyRegister  app_wm8904.o
    0x00007a28   0x0000004c   Code   RO          836    i.WM8904_ReadRegister  app_wm8904.o
    0x00007a74   0x0000005e   Code   RO          837    i.WM8904_SetAudioFormat  app_wm8904.o
    0x00007ad2   0x0000000c   Code   RO          838    i.WM8904_SetMasterSlave  app_wm8904.o
    0x00007ade   0x00000014   Code   RO          840    i.WM8904_SetProtocol  app_wm8904.o
    0x00007af2   0x0000003a   Code   RO          841    i.WM8904_SetVolume  app_wm8904.o
    0x00007b2c   0x00000024   Code   RO          842    i.WM8904_WaitOnWriteSequencer  app_wm8904.o
    0x00007b50   0x0000004c   Code   RO          843    i.WM8904_WriteRegister  app_wm8904.o
    0x00007b9c   0x00000044   Code   RO         1385    i.__aeabi_assert    fsl_common.o
    0x00007be0   0x00000100   Code   RO          296    i.adc_init          app_adc.o
    0x00007ce0   0x00000038   Code   RO          297    i.adc_read          app_adc.o
    0x00007d18   0x000001b4   Code   RO          387    i.dmic_init         app_dmic.o
    0x00007ecc   0x00000022   Code   RO         4158    i.findPllMMult      system_lpc54114_cm4.o
    0x00007eee   0x00000020   Code   RO         4159    i.findPllPostDiv    system_lpc54114_cm4.o
    0x00007f0e   0x00000020   Code   RO         4160    i.findPllPreDiv     system_lpc54114_cm4.o
    0x00007f2e   0x0000003e   Code   RO          437    i.flash_transfer_cb  app_spiflash.o
    0x00007f6c   0x00000078   Code   RO          347    i.key_init          app_key.o
    0x00007fe4   0x00000024   Code   RO          348    i.key_value         app_key.o
    0x00008008   0x0000007c   Code   RO          200    i.led_init          app_led.o
    0x00008084   0x00000028   Code   RO          201    i.led_off           app_led.o
    0x000080ac   0x00000028   Code   RO          202    i.led_on            app_led.o
    0x000080d4   0x0000002c   Code   RO          203    i.led_toggle        app_led.o
    0x00008100   0x000002d8   Code   RO            8    i.main              application.o
    0x000083d8   0x00000030   Code   RO          439    i.mx25r_cmd_rdid    app_spiflash.o
    0x00008408   0x0000000a   Code   RO          446    i.mx25r_init        app_spiflash.o
    0x00008412   0x00000002   PAD
    0x00008414   0x00000058   Code   RO          536    i.pct2075_i2c_init  app_pct2075.o
    0x0000846c   0x000000e8   Code   RO          537    i.pct2075_i2c_read  app_pct2075.o
    0x00008554   0x0000005c   Code   RO         4161    i.pllDecodeM        system_lpc54114_cm4.o
    0x000085b0   0x0000005c   Code   RO         4162    i.pllDecodeN        system_lpc54114_cm4.o
    0x0000860c   0x0000004e   Code   RO         4163    i.pllDecodeP        system_lpc54114_cm4.o
    0x0000865a   0x00000002   PAD
    0x0000865c   0x000000c8   Code   RO          447    i.spiflash_init     app_spiflash.o
    0x00008724   0x00000034   Code   RO          978    i.usbdmsc_init      app_usbdmsc.o
    0x00008758   0x00000194   Code   RO          844    i.wm8904_i2s_init   app_wm8904.o
    0x000088ec   0x00000018   Code   RO         5597    x$fpl$basic         fz_wm.l(basic.o)
    0x00008904   0x00000062   Code   RO         5599    x$fpl$d2f           fz_wm.l(d2f.o)
    0x00008966   0x00000002   PAD
    0x00008968   0x00000154   Code   RO         5601    x$fpl$dmul          fz_wm.l(dmul.o)
    0x00008abc   0x0000009c   Code   RO         5693    x$fpl$dnaninf       fz_wm.l(dnaninf.o)
    0x00008b58   0x0000000c   Code   RO         5695    x$fpl$dretinf       fz_wm.l(dretinf.o)
    0x00008b64   0x00000056   Code   RO         5603    x$fpl$f2d           fz_wm.l(f2d.o)
    0x00008bba   0x0000008c   Code   RO         5697    x$fpl$fnaninf       fz_wm.l(fnaninf.o)
    0x00008c46   0x0000000a   Code   RO         5750    x$fpl$fpinit        fz_wm.l(fpinit.o)
    0x00008c50   0x0000000a   Code   RO         5699    x$fpl$fretinf       fz_wm.l(fretinf.o)
    0x00008c5a   0x00000000   Code   RO         5701    x$fpl$usenofp       fz_wm.l(usenofp.o)
    0x00008c5a   0x00000020   Data   RO          204    .constdata          app_led.o
    0x00008c7a   0x00000008   Data   RO          349    .constdata          app_key.o
    0x00008c82   0x00000002   PAD
    0x00008c84   0x0000007e   Data   RO          846    .constdata          app_wm8904.o
    0x00008d02   0x00000002   PAD
    0x00008d04   0x00000006   Data   RO         1046    .constdata          fsl_adc.o
    0x00008d0a   0x00000002   PAD
    0x00008d0c   0x00000024   Data   RO         1160    .constdata          fsl_clock.o
    0x00008d30   0x00000039   Data   RO         1502    .constdata          fsl_ctimer.o
    0x00008d69   0x00000003   PAD
    0x00008d6c   0x00000005   Data   RO         1742    .constdata          fsl_dma.o
    0x00008d71   0x00000003   PAD
    0x00008d74   0x00000008   Data   RO         1865    .constdata          fsl_dmic.o
    0x00008d7c   0x00000038   Data   RO         2124    .constdata          fsl_flexcomm.o
    0x00008db4   0x00000016   Data   RO         2252    .constdata          fsl_gint.o
    0x00008dca   0x00000002   PAD
    0x00008dcc   0x00000008   Data   RO         2896    .constdata          fsl_i2s_dma.o
    0x00008dd4   0x00000020   Data   RO         4164    .constdata          system_lpc54114_cm4.o
    0x00008df4   0x00000008   Data   RO         4691    .constdata          usb_device_lpcip3511.o
    0x00008dfc   0x00000034   Data   RO         4965    .constdata          usb_device_ch9.o
    0x00008e30   0x00000020   Data   RO         5033    .constdata          usb_device_class.o
    0x00008e50   0x0000000c   Data   RO         5137    .constdata          usb_device_msc.o
    0x00008e5c   0x00000018   Data   RO         5341    .constdata          usb_device_dci.o
    0x00008e74   0x0000027f   Data   RO         1743    .conststring        fsl_dma.o
    0x000090f3   0x00000001   PAD
    0x000090f4   0x00000045   Data   RO         2897    .conststring        fsl_i2s_dma.o
    0x00009139   0x00000003   PAD
    0x0000913c   0x0000005a   Data   RO         3612    .conststring        fsl_spi.o
    0x00009196   0x00000002   PAD
    0x00009198   0x00000020   Data   RO         5844    Region$$Table       anon$$obj.o


    Execution Region ARM_LIB_STACK (Base: 0x04007c00, Size: 0x00000400, Max: 0x00000400, ABSOLUTE)

    Base Addr    Size         Type   Attr      Idx    E Section Name        Object

    0x04007c00   0x00000400   Zero   RW            3    ARM_LIB_STACK.bss   anon$$obj.o


    Execution Region RW_m_data (Base: 0x20000000, Size: 0x0000702c, Max: 0x0000e800, ABSOLUTE, COMPRESSED[0x00000264])

    Base Addr    Size         Type   Attr      Idx    E Section Name        Object

    0x20000000   0x00000004   Data   RW           11    .data               application.o
    0x20000004   0x0000000c   Data   RW          257    .data               app_interrupt.o
    0x20000010   0x00000008   Data   RW          300    .data               app_adc.o
    0x20000018   0x000001cc   Data   RW          847    .data               app_wm8904.o
    0x200001e4   0x0000001c   PAD
    0x20000200   0x00000060   Data   RW          981    .data               app_usbdmsc.o
    0x20000260   0x00000008   Data   RW         1161    .data               fsl_clock.o
    0x20000268   0x00000005   Data   RW         1503    .data               fsl_ctimer.o
    0x2000026d   0x00000003   PAD
    0x20000270   0x00000008   Data   RW         1866    .data               fsl_dmic.o
    0x20000278   0x00000008   Data   RW         2253    .data               fsl_gint.o
    0x20000280   0x00000008   Data   RW         2898    .data               fsl_i2s_dma.o
    0x20000288   0x00000010   Data   RW         3392    .data               fsl_sctimer.o
    0x20000298   0x00000008   Data   RW         4032    .data               fsl_utick.o
    0x200002a0   0x00000004   Data   RW         4165    .data               system_lpc54114_cm4.o
    0x200002a4   0x0000013c   Data   RW         5092    .data               usb_device_descriptor.o
    0x200003e0   0x00000010   Zero   RW          298    .bss                app_adc.o
    0x200003f0   0x00000010   Zero   RW          448    .bss                app_spiflash.o
    0x20000400   0x00000240   Zero   RW          845    .bss                app_wm8904.o
    0x20000640   0x00006014   Zero   RW          980    .bss                app_usbdmsc.o
    0x20006654   0x00000014   Zero   RW         1501    .bss                fsl_ctimer.o
    0x20006668   0x00000010   Zero   RW         1624    .bss                fsl_debug_console.o
    0x20006678   0x00000188   PAD
    0x20006800   0x00000340   Zero   RW         1741    .bss                fsl_dma.o
    0x20006b40   0x00000040   Zero   RW         2123    .bss                fsl_flexcomm.o
    0x20006b80   0x000000a8   Zero   RW         2895    .bss                fsl_i2s_dma.o
    0x20006c28   0x00000020   Zero   RW         3129    .bss                fsl_pint.o
    0x20006c48   0x00000010   Zero   RW         3610    .bss                fsl_spi.o
    0x20006c58   0x000000a8   PAD
    0x20006d00   0x00000118   Zero   RW         4690    .bss                usb_device_lpcip3511.o
    0x20006e18   0x00000014   Zero   RW         5034    m_usb_global        usb_device_class.o
    0x20006e2c   0x00000014   PAD
    0x20006e40   0x0000019c   Zero   RW         5138    m_usb_global        usb_device_msc.o
    0x20006fdc   0x00000050   Zero   RW         5342    m_usb_global        usb_device_dci.o


    Execution Region ARM_LIB_HEAP (Base: 0x2000702c, Size: 0x00000400, Max: 0x00000400, ABSOLUTE)

    Base Addr    Size         Type   Attr      Idx    E Section Name        Object

    0x2000702c   0x00000400   Zero   RW            2    ARM_LIB_HEAP.bss    anon$$obj.o


    Execution Region RPMSG_SH_MEM (Base: 0x20026800, Size: 0x00000000, Max: 0x00001800, ABSOLUTE, UNINIT)

    **** No section assigned to this execution region ****



  Load Region LR_CORE1_IMAGE (Base: 0x00030000, Size: 0x00000000, Max: 0xffffffff, ABSOLUTE)

    Execution Region CORE1_REGION (Base: 0x00030000, Size: 0x00000000, Max: 0x00010000, ABSOLUTE)

    **** No section assigned to this execution region ****


==============================================================================

Image component sizes


      Code (inc. data)   RO Data    RW Data    ZI Data      Debug   Object Name

       332         36          0          8         16      17824   app_adc.o
       568         94          0          0          0      31762   app_dmic.o
       120         26          0         12          0       5939   app_interrupt.o
       156         34          8          0          0       3260   app_key.o
       248         74         32          0          0      13709   app_led.o
       332         32          0          0          0       6434   app_pct2075.o
       332         24          0          0         16       8178   app_spiflash.o
       694        128          0         96      24596      32184   app_usbdmsc.o
      1878        284        126        460        576      17369   app_wm8904.o
       764        236          0          4          0     335981   application.o
       104         54          0          0          0        537   board.o
        72         18          0          0          0        949   clock_config.o
       692        216          6          0          0      13268   fsl_adc.o
      1742        194         36          8          0      25370   fsl_clock.o
       212         60          0          0          0      31411   fsl_common.o
       178         14         57          5         20       6934   fsl_ctimer.o
       954         28          0          0         16      13009   fsl_debug_console.o
      2538        710        644          0        832      41650   fsl_dma.o
       658        136          8          8          0      36917   fsl_dmic.o
         0          0          0          0          0       2932   fsl_dmic_dma.o
      1050        530         56          0         64       8136   fsl_flexcomm.o
        80         16         22          8          0       2282   fsl_gint.o
      1036         94          0          0          0      16161   fsl_i2c.o
       458         34          0          0          0       5668   fsl_i2s.o
      2268        378         77          8        168      11949   fsl_i2s_dma.o
       380         32          0          0         32       9524   fsl_pint.o
       266         88          0          0          0       2244   fsl_reset.o
        20          8          0         16          0       6402   fsl_sctimer.o
      1318        364         90          0         16       9063   fsl_spi.o
       972        316          0          0          0      14085   fsl_usart.o
        28         12          0          8          0       1578   fsl_utick.o
        88         14          0          0          0       1149   pin_mux.o
       444        198        224          0          0       2996   startup_lpc54114_cm4.o
       784         48         32          4          0       6427   system_lpc54114_cm4.o
      1758         10         52          0          0      11728   usb_device_ch9.o
       836         38         32          0         20       6724   usb_device_class.o
      1518         30         24          0         80      15981   usb_device_dci.o
       172         14          0        316          0       4170   usb_device_descriptor.o
      2294         44          8          0        280      20184   usb_device_lpcip3511.o
      3288         40         12          0        412      13027   usb_device_msc.o
      2182          0          0          0          0      14071   usb_device_msc_ufi.o
        22          0          0          0          0       2361   usb_osa_bm.o

    ----------------------------------------------------------------------
     33878       4706       1598        992      29772     831527   Object Totals
         0          0         32          0       2048          0   (incl. Generated)
        42          0         20         31        580          0   (incl. Padding)

    ----------------------------------------------------------------------

      Code (inc. data)   RO Data    RW Data    ZI Data      Debug   Library Member Name

        90          0          0          0          0          0   __dczerorl2.o
         8          0          0          0          0         68   __main.o
         0          0          0          0          0          0   __rtentry.o
        12          0          0          0          0          0   __rtentry2.o
         8          4          0          0          0          0   __rtentry7.o
        52          8          0          0          0          0   __scatter.o
        28          0          0          0          0          0   __scatter_zi.o
        12          0          0          0          0         72   exit.o
         0          0          0          0          0          0   indicate_semi.o
         2          0          0          0          0          0   libinit.o
         6          0          0          0          0          0   libinit2.o
         2          0          0          0          0          0   libshutdown.o
         2          0          0          0          0          0   libshutdown2.o
       238          0          0          0          0        100   lludivv7m.o
        78          0          0          0          0         80   rt_memclr_w.o
         2          0          0          0          0          0   rtexit.o
        10          0          0          0          0          0   rtexit2.o
        62          0          0          0          0         76   strlen.o
        12          4          0          0          0         68   sys_exit.o
         2          0          0          0          0         68   use_no_semi.o
        24          0          0          0          0        164   basic.o
        98          4          0          0          0        140   d2f.o
       340         12          0          0          0        152   dmul.o
       156          4          0          0          0        140   dnaninf.o
        12          0          0          0          0        116   dretinf.o
        86          4          0          0          0        132   f2d.o
       140          4          0          0          0        132   fnaninf.o
        10          0          0          0          0        116   fpinit.o
        10          0          0          0          0        116   fretinf.o
         0          0          0          0          0          0   usenofp.o
       320         46          0          0          0        248   fsl_power_lib.o

    ----------------------------------------------------------------------
      1828         90          0          0          0       1988   Library Totals
         6          0          0          0          0          0   (incl. Padding)

    ----------------------------------------------------------------------

      Code (inc. data)   RO Data    RW Data    ZI Data      Debug   Library Name

       626         16          0          0          0        532   c_w.l
       876         28          0          0          0       1208   fz_wm.l
       320         46          0          0          0        248   keil_lib_power.lib

    ----------------------------------------------------------------------
      1828         90          0          0          0       1988   Library Totals

    ----------------------------------------------------------------------

==============================================================================


      Code (inc. data)   RO Data    RW Data    ZI Data      Debug   

     35706       4796       1598        992      29772     804459   Grand Totals
     35706       4796       1598        612      29772     804459   ELF Image Totals (compressed)
     35706       4796       1598        612          0          0   ROM Totals

==============================================================================

    Total RO  Size (Code + RO Data)                37304 (  36.43kB)
    Total RW  Size (RW Data + ZI Data)             30764 (  30.04kB)
    Total ROM Size (Code + RO Data + RW Data)      37916 (  37.03kB)

==============================================================================

